 DItest

 Timestamp is 4e5b58a8 (Mon Aug 29 17:15:20 2011)

 Preferred load address is 00400000

 Start         Length     Name                   Class
 0001:00000000 00037e0cH .text                   CODE
 0001:00037e10 000022d3H .text$x                 CODE
 0002:00000000 00002291H .rdata                  DATA
 0002:00002298 00001164H .rdata$r                DATA
 0002:00003400 00002d68H .xdata$x                DATA
 0002:00006168 00000000H .edata                  DATA
 0003:00000000 00000004H .CRT$XCA                DATA
 0003:00000004 0000006cH .CRT$XCU                DATA
 0003:00000070 00000004H .CRT$XCZ                DATA
 0003:00000074 00000004H .CRT$XIA                DATA
 0003:00000078 0000000cH .CRT$XIC                DATA
 0003:00000084 00000004H .CRT$XIY                DATA
 0003:00000088 00000004H .CRT$XIZ                DATA
 0003:0000008c 00000004H .CRT$XPA                DATA
 0003:00000090 00000004H .CRT$XPX                DATA
 0003:00000094 00000004H .CRT$XPZ                DATA
 0003:00000098 00000004H .CRT$XTA                DATA
 0003:0000009c 00000004H .CRT$XTB                DATA
 0003:000000a0 00000004H .CRT$XTZ                DATA
 0003:000000b0 000041ecH .data                   DATA
 0003:000042a0 00001cd8H .bss                    DATA
 0004:00000000 00000028H .idata$2                DATA
 0004:00000028 00000014H .idata$3                DATA
 0004:0000003c 00000114H .idata$4                DATA
 0004:00000150 00000114H .idata$5                DATA
 0004:00000264 000004daH .idata$6                DATA

  Address         Publics by Value              Rva+Base     Lib:Object

 0001:00000000       _main                      00401000 f   DItest.obj
 0001:00000130       ??6?$basic_ostream@DU?$char_traits@D@std@@@std@@QAEAAV01@P6AAAV01@AAV01@@Z@Z 00401130 f i DItest.obj
 0001:00000180       ??6?$basic_ostream@DU?$char_traits@D@std@@@std@@QAEAAV01@P6AAAVios_base@1@AAV21@@Z@Z 00401180 f i DItest.obj
 0001:000001f0       ??6?$basic_ostream@DU?$char_traits@D@std@@@std@@QAEAAV01@F@Z 004011f0 f i DItest.obj
 0001:000003f0       ??6?$basic_ostream@DU?$char_traits@D@std@@@std@@QAEAAV01@H@Z 004013f0 f i DItest.obj
 0001:000005e0       ?setstate@?$basic_ios@DU?$char_traits@D@std@@@std@@QAEXH_N@Z 004015e0 f i DItest.obj
 0001:00000630       ?rdbuf@?$basic_ios@DU?$char_traits@D@std@@@std@@QBEPAV?$basic_streambuf@DU?$char_traits@D@std@@@2@XZ 00401630 f i DItest.obj
 0001:00000660       ?clear@?$basic_ios@DU?$char_traits@D@std@@@std@@QAEXH_N@Z 00401660 f i DItest.obj
 0001:000006c0       ?fill@?$basic_ios@DU?$char_traits@D@std@@@std@@QBEDXZ 004016c0 f i DItest.obj
 0001:000006f0       ??0sentry@?$basic_ostream@DU?$char_traits@D@std@@@std@@QAE@AAV12@@Z 004016f0 f i DItest.obj
 0001:00000740       ??1sentry@?$basic_ostream@DU?$char_traits@D@std@@@std@@QAE@XZ 00401740 f i DItest.obj
 0001:00000790       ??Bsentry@?$basic_ostream@DU?$char_traits@D@std@@@std@@QBE_NXZ 00401790 f i DItest.obj
 0001:000007c0       ??1locale@std@@QAE@XZ      004017c0 f i DItest.obj
 0001:00000830       ?_Decref@facet@locale@std@@QAEPAV123@XZ 00401830 f i DItest.obj
 0001:000008b0       ??0_Lockit@std@@QAE@XZ     004018b0 f i DItest.obj
 0001:000008e0       ??1_Lockit@std@@QAE@XZ     004018e0 f i DItest.obj
 0001:00000910       ?put@?$num_put@DV?$ostreambuf_iterator@DU?$char_traits@D@std@@@std@@@std@@QBE?AV?$ostreambuf_iterator@DU?$char_traits@D@std@@@2@V32@AAVios_base@2@DJ@Z 00401910 f i DItest.obj
 0001:00000980       ??0?$ostreambuf_iterator@DU?$char_traits@D@std@@@std@@QAE@PAV?$basic_streambuf@DU?$char_traits@D@std@@@1@@Z 00401980 f i DItest.obj
 0001:000009c0       ?failed@?$ostreambuf_iterator@DU?$char_traits@D@std@@@std@@QBE_NXZ 004019c0 f i DItest.obj
 0001:000009f0       ?opfx@?$basic_ostream@DU?$char_traits@D@std@@@std@@QAE_NXZ 004019f0 f i DItest.obj
 0001:00000a80       ?flush@?$basic_ostream@DU?$char_traits@D@std@@@std@@QAEAAV12@XZ 00401a80 f i DItest.obj
 0001:00000b10       ?pubsync@?$basic_streambuf@DU?$char_traits@D@std@@@std@@QAEHXZ 00401b10 f i DItest.obj
 0001:00000b60       ?osfx@?$basic_ostream@DU?$char_traits@D@std@@@std@@QAEXXZ 00401b60 f i DItest.obj
 0001:00000bb0       ?tie@?$basic_ios@DU?$char_traits@D@std@@@std@@QBEPAV?$basic_ostream@DU?$char_traits@D@std@@@2@XZ 00401bb0 f i DItest.obj
 0001:00000be0       ?rdstate@ios_base@std@@QBEHXZ 00401be0 f i DItest.obj
 0001:00000c10       ?good@ios_base@std@@QBE_NXZ 00401c10 f i DItest.obj
 0001:00000c50       ?fail@ios_base@std@@QBE_NXZ 00401c50 f i DItest.obj
 0001:00000c90       ?flags@ios_base@std@@QBEHXZ 00401c90 f i DItest.obj
 0001:00000cc0       ?getloc@ios_base@std@@QBE?AVlocale@2@XZ 00401cc0 f i DItest.obj
 0001:00000d20       ??0locale@std@@QAE@ABV01@@Z 00401d20 f i DItest.obj
 0001:00000d70       ?_Incref@facet@locale@std@@QAEXXZ 00401d70 f i DItest.obj
 0001:00000dd0       ?hex@std@@YAAAVios_base@1@AAV21@@Z 00401dd0 f i DItest.obj
 0001:00000e10       ?setf@ios_base@std@@QAEHHH@Z 00401e10 f i DItest.obj
 0001:00000e70       ?endl@std@@YAAAV?$basic_ostream@DU?$char_traits@D@std@@@1@AAV21@@Z 00401e70 f i DItest.obj
 0001:00000eb0       ?put@?$basic_ostream@DU?$char_traits@D@std@@@std@@QAEAAV12@D@Z 00401eb0 f i DItest.obj
 0001:00000ff0       ?eq_int_type@?$char_traits@D@std@@SA_NABH0@Z 00401ff0 f i DItest.obj
 0001:00001020       ?eof@?$char_traits@D@std@@SAHXZ 00402020 f i DItest.obj
 0001:00001050       ?sputc@?$basic_streambuf@DU?$char_traits@D@std@@@std@@QAEHD@Z 00402050 f i DItest.obj
 0001:000010f0       ?to_int_type@?$char_traits@D@std@@SAHABD@Z 004020f0 f i DItest.obj
 0001:00001120       ?pptr@?$basic_streambuf@DU?$char_traits@D@std@@@std@@IBEPADXZ 00402120 f i DItest.obj
 0001:00001150       ?epptr@?$basic_streambuf@DU?$char_traits@D@std@@@std@@IBEPADXZ 00402150 f i DItest.obj
 0001:00001190       ?_Pninc@?$basic_streambuf@DU?$char_traits@D@std@@@std@@IAEPADXZ 00402190 f i DItest.obj
 0001:000011f0       ??6std@@YAAAV?$basic_ostream@DU?$char_traits@D@std@@@0@AAV10@PBD@Z 004021f0 f i DItest.obj
 0001:000014d0       ?length@?$char_traits@D@std@@SAIPBD@Z 004024d0 f i DItest.obj
 0001:00001510       ?width@ios_base@std@@QBEHXZ 00402510 f i DItest.obj
 0001:00001540       ?width@ios_base@std@@QAEHH@Z 00402540 f i DItest.obj
 0001:00001780       ?use_facet@std@@YAABV?$num_put@DV?$ostreambuf_iterator@DU?$char_traits@D@std@@@std@@@1@ABVlocale@1@PBV21@_N@Z 00402780 f i DItest.obj
 0001:000018c0       ??0bad_cast@std@@QAE@PBD@Z 004028c0 f i DItest.obj
 0001:00001910       ??1bad_cast@std@@UAE@XZ    00402910 f i DItest.obj
 0001:00001950       ?_Doraise@bad_cast@std@@MBEXXZ 00402950 f i DItest.obj
 0001:000019a0       ??_Gbad_cast@std@@UAEPAXI@Z 004029a0 f i DItest.obj
 0001:000019a0       ??_Ebad_cast@std@@UAEPAXI@Z 004029a0 f i DItest.obj
 0001:00001a00       ??0bad_cast@std@@QAE@ABV01@@Z 00402a00 f i DItest.obj
 0001:00001a50       ??Bid@locale@std@@QAEIXZ   00402a50 f i DItest.obj
 0001:00001ac0       ?sputn@?$basic_streambuf@DU?$char_traits@D@std@@@std@@QAEHPBDH@Z 00402ac0 f i DItest.obj
 0001:00001b10       ??0?$num_put@DV?$ostreambuf_iterator@DU?$char_traits@D@std@@@std@@@std@@QAE@I@Z 00402b10 f i DItest.obj
 0001:00001bc0       ??1facet@locale@std@@UAE@XZ 00402bc0 f i DItest.obj
 0001:00001bf0       ??0facet@locale@std@@IAE@I@Z 00402bf0 f i DItest.obj
 0001:00001c30       ??_Gfacet@locale@std@@UAEPAXI@Z 00402c30 f i DItest.obj
 0001:00001c30       ??_Efacet@locale@std@@UAEPAXI@Z 00402c30 f i DItest.obj
 0001:00001c90       ?do_put@?$num_put@DV?$ostreambuf_iterator@DU?$char_traits@D@std@@@std@@@std@@MBE?AV?$ostreambuf_iterator@DU?$char_traits@D@std@@@2@V32@AAVios_base@2@D_N@Z 00402c90 f i DItest.obj
 0001:00001f00       ??1?$basic_string@DU?$char_traits@D@std@@V?$allocator@D@2@@std@@QAE@XZ 00402f00 f i DItest.obj
 0001:00001f40       ?c_str@?$basic_string@DU?$char_traits@D@std@@V?$allocator@D@2@@std@@QBEPBDXZ 00402f40 f i DItest.obj
 0001:00001f90       ?size@?$basic_string@DU?$char_traits@D@std@@V?$allocator@D@2@@std@@QBEIXZ 00402f90 f i DItest.obj
 0001:00001fc0       ?_Nullstr@?$basic_string@DU?$char_traits@D@std@@V?$allocator@D@2@@std@@CAPBDXZ 00402fc0 f i DItest.obj
 0001:00001ff0       ?_Tidy@?$basic_string@DU?$char_traits@D@std@@V?$allocator@D@2@@std@@AAEX_N@Z 00402ff0 f i DItest.obj
 0001:000020d0       ?do_put@?$num_put@DV?$ostreambuf_iterator@DU?$char_traits@D@std@@@std@@@std@@MBE?AV?$ostreambuf_iterator@DU?$char_traits@D@std@@@2@V32@AAVios_base@2@DJ@Z 004030d0 f i DItest.obj
 0001:00002170       ?do_put@?$num_put@DV?$ostreambuf_iterator@DU?$char_traits@D@std@@@std@@@std@@MBE?AV?$ostreambuf_iterator@DU?$char_traits@D@std@@@2@V32@AAVios_base@2@DK@Z 00403170 f i DItest.obj
 0001:00002210       ?do_put@?$num_put@DV?$ostreambuf_iterator@DU?$char_traits@D@std@@@std@@@std@@MBE?AV?$ostreambuf_iterator@DU?$char_traits@D@std@@@2@V32@AAVios_base@2@DN@Z 00403210 f i DItest.obj
 0001:00002310       ?do_put@?$num_put@DV?$ostreambuf_iterator@DU?$char_traits@D@std@@@std@@@std@@MBE?AV?$ostreambuf_iterator@DU?$char_traits@D@std@@@2@V32@AAVios_base@2@DO@Z 00403310 f i DItest.obj
 0001:00002410       ?do_put@?$num_put@DV?$ostreambuf_iterator@DU?$char_traits@D@std@@@std@@@std@@MBE?AV?$ostreambuf_iterator@DU?$char_traits@D@std@@@2@V32@AAVios_base@2@DPBX@Z 00403410 f i DItest.obj
 0001:00002540       ??_G?$num_put@DV?$ostreambuf_iterator@DU?$char_traits@D@std@@@std@@@std@@UAEPAXI@Z 00403540 f i DItest.obj
 0001:00002540       ??_E?$num_put@DV?$ostreambuf_iterator@DU?$char_traits@D@std@@@std@@@std@@UAEPAXI@Z 00403540 f i DItest.obj
 0001:000025a0       ??1?$num_put@DV?$ostreambuf_iterator@DU?$char_traits@D@std@@@std@@@std@@UAE@XZ 004035a0 f i DItest.obj
 0001:000025e0       ??0?$basic_string@DU?$char_traits@D@std@@V?$allocator@D@2@@std@@QAE@ABV?$allocator@D@1@@Z 004035e0 f i DItest.obj
 0001:00002630       ??4?$basic_string@DU?$char_traits@D@std@@V?$allocator@D@2@@std@@QAEAAV01@ABV01@@Z 00403630 f i DItest.obj
 0001:00002670       ?append@?$basic_string@DU?$char_traits@D@std@@V?$allocator@D@2@@std@@QAEAAV12@ID@Z 00403670 f i DItest.obj
 0001:00002710       ?assign@?$char_traits@D@std@@SAPADPADIABD@Z 00403710 f i DItest.obj
 0001:00002750       ?_Eos@?$basic_string@DU?$char_traits@D@std@@V?$allocator@D@2@@std@@AAEXI@Z 00403750 f i DItest.obj
 0001:000027b0       ?assign@?$char_traits@D@std@@SAXAADABD@Z 004037b0 f i DItest.obj
 0001:000027e0       ?_Grow@?$basic_string@DU?$char_traits@D@std@@V?$allocator@D@2@@std@@AAE_NI_N@Z 004037e0 f i DItest.obj
 0001:00002940       ?_Refcnt@?$basic_string@DU?$char_traits@D@std@@V?$allocator@D@2@@std@@AAEAAEPBD@Z 00403940 f i DItest.obj
 0001:00002970       ?deallocate@?$allocator@D@std@@QAEXPAXI@Z 00403970 f i DItest.obj
 0001:000029b0       ?_Ffmt@?$num_put@DV?$ostreambuf_iterator@DU?$char_traits@D@std@@@std@@@std@@KAPADPADDH@Z 004039b0 f i DItest.obj
 0001:00002aa0       ?_Fput@?$num_put@DV?$ostreambuf_iterator@DU?$char_traits@D@std@@@std@@@std@@KA?AV?$ostreambuf_iterator@DU?$char_traits@D@std@@@2@V32@AAVios_base@2@DPBDII@Z 00403aa0 f i DItest.obj
 0001:00002e80       ?_Ifmt@?$num_put@DV?$ostreambuf_iterator@DU?$char_traits@D@std@@@std@@@std@@KAPADPADDH@Z 00403e80 f i DItest.obj
 0001:00002f60       ?_Iput@?$num_put@DV?$ostreambuf_iterator@DU?$char_traits@D@std@@@std@@@std@@KA?AV?$ostreambuf_iterator@DU?$char_traits@D@std@@@2@V32@AAVios_base@2@DPADI@Z 00403f60 f i DItest.obj
 0001:00003360       ?_Put@?$num_put@DV?$ostreambuf_iterator@DU?$char_traits@D@std@@@std@@@std@@KA?AV?$ostreambuf_iterator@DU?$char_traits@D@std@@@2@V32@PBDI@Z 00404360 f i DItest.obj
 0001:000033e0       ?precision@ios_base@std@@QBEHXZ 004043e0 f i DItest.obj
 0001:00003410       ?_Putc@?$num_put@DV?$ostreambuf_iterator@DU?$char_traits@D@std@@@std@@@std@@KA?AV?$ostreambuf_iterator@DU?$char_traits@D@std@@@2@V32@PBDI@Z 00404410 f i DItest.obj
 0001:00003490       ?_Rep@?$num_put@DV?$ostreambuf_iterator@DU?$char_traits@D@std@@@std@@@std@@KA?AV?$ostreambuf_iterator@DU?$char_traits@D@std@@@2@V32@DI@Z 00404490 f i DItest.obj
 0001:00003500       ?falsename@?$numpunct@D@std@@QBE?AV?$basic_string@DU?$char_traits@D@std@@V?$allocator@D@2@@2@XZ 00404500 f i DItest.obj
 0001:00003560       ?truename@?$numpunct@D@std@@QBE?AV?$basic_string@DU?$char_traits@D@std@@V?$allocator@D@2@@2@XZ 00404560 f i DItest.obj
 0001:000035c0       ?assign@?$basic_string@DU?$char_traits@D@std@@V?$allocator@D@2@@std@@QAEAAV12@ABV12@@Z 004045c0 f i DItest.obj
 0001:00003610       ?assign@?$basic_string@DU?$char_traits@D@std@@V?$allocator@D@2@@std@@QAEAAV12@ABV12@II@Z 00404610 f i DItest.obj
 0001:00003790       ?copy@?$char_traits@D@std@@SAPADPADPBDI@Z 00404790 f i DItest.obj
 0001:000037d0       ?erase@?$basic_string@DU?$char_traits@D@std@@V?$allocator@D@2@@std@@QAEAAV12@II@Z 004047d0 f i DItest.obj
 0001:000038a0       ?move@?$char_traits@D@std@@SAPADPADPBDI@Z 004048a0 f i DItest.obj
 0001:000038e0       ?capacity@?$basic_string@DU?$char_traits@D@std@@V?$allocator@D@2@@std@@QBEIXZ 004048e0 f i DItest.obj
 0001:00003910       ?max_size@?$basic_string@DU?$char_traits@D@std@@V?$allocator@D@2@@std@@QBEIXZ 00404910 f i DItest.obj
 0001:00003970       ?_Copy@?$basic_string@DU?$char_traits@D@std@@V?$allocator@D@2@@std@@AAEXI@Z 00404970 f i DItest.obj
 0001:00003ad0       ?_Split@?$basic_string@DU?$char_traits@D@std@@V?$allocator@D@2@@std@@AAEXXZ 00404ad0 f i DItest.obj
 0001:00003b60       ?assign@?$basic_string@DU?$char_traits@D@std@@V?$allocator@D@2@@std@@QAEAAV12@PBD@Z 00404b60 f i DItest.obj
 0001:00003bb0       ?assign@?$basic_string@DU?$char_traits@D@std@@V?$allocator@D@2@@std@@QAEAAV12@PBDI@Z 00404bb0 f i DItest.obj
 0001:00003c20       ??4?$ostreambuf_iterator@DU?$char_traits@D@std@@@std@@QAEAAV01@D@Z 00404c20 f i DItest.obj
 0001:00003ca0       ??D?$ostreambuf_iterator@DU?$char_traits@D@std@@@std@@QAEAAV01@XZ 00404ca0 f i DItest.obj
 0001:00003cd0       ??E?$ostreambuf_iterator@DU?$char_traits@D@std@@@std@@QAEAAV01@XZ 00404cd0 f i DItest.obj
 0001:00003d00       ?decimal_point@?$numpunct@D@std@@QBEDXZ 00404d00 f i DItest.obj
 0001:00003d50       ?thousands_sep@?$numpunct@D@std@@QBEDXZ 00404d50 f i DItest.obj
 0001:00003da0       ?grouping@?$numpunct@D@std@@QBE?AV?$basic_string@DU?$char_traits@D@std@@V?$allocator@D@2@@2@XZ 00404da0 f i DItest.obj
 0001:00003e00       ?allocate@?$allocator@D@std@@QAEPADIPBX@Z 00404e00 f i DItest.obj
 0001:00003e40       ?max_size@?$allocator@D@std@@QBEIXZ 00404e40 f i DItest.obj
 0001:00003e90       ??8std@@YA_NABV?$allocator@D@0@0@Z 00404e90 f i DItest.obj
 0001:00003ec0       ?use_facet@std@@YAABV?$numpunct@D@1@ABVlocale@1@PBV21@_N@Z 00404ec0 f i DItest.obj
 0001:00004000       ?_Widen@std@@YADDPAD@Z     00405000 f i DItest.obj
 0001:00004030       ?_Allocate@std@@YAPADHPAD@Z 00405030 f i DItest.obj
 0001:00004080       ??0?$numpunct@D@std@@QAE@I@Z 00405080 f i DItest.obj
 0001:00004130       ?do_decimal_point@?$numpunct@D@std@@MBEDXZ 00405130 f i DItest.obj
 0001:00004160       ?do_thousands_sep@?$numpunct@D@std@@MBEDXZ 00405160 f i DItest.obj
 0001:00004190       ?do_grouping@?$numpunct@D@std@@MBE?AV?$basic_string@DU?$char_traits@D@std@@V?$allocator@D@2@@2@XZ 00405190 f i DItest.obj
 0001:000041f0       ?do_falsename@?$numpunct@D@std@@MBE?AV?$basic_string@DU?$char_traits@D@std@@V?$allocator@D@2@@2@XZ 004051f0 f i DItest.obj
 0001:00004250       ?do_truename@?$numpunct@D@std@@MBE?AV?$basic_string@DU?$char_traits@D@std@@V?$allocator@D@2@@2@XZ 00405250 f i DItest.obj
 0001:000042b0       ??_G?$numpunct@D@std@@UAEPAXI@Z 004052b0 f i DItest.obj
 0001:000042b0       ??_E?$numpunct@D@std@@UAEPAXI@Z 004052b0 f i DItest.obj
 0001:00004310       ??1?$numpunct@D@std@@UAE@XZ 00405310 f i DItest.obj
 0001:00004390       ??0?$basic_string@DU?$char_traits@D@std@@V?$allocator@D@2@@std@@QAE@PBDABV?$allocator@D@1@@Z 00405390 f i DItest.obj
 0001:000043f0       ?_Save@?$_Tidyfac@V?$num_put@DV?$ostreambuf_iterator@DU?$char_traits@D@std@@@std@@@std@@@std@@SAPAV?$num_put@DV?$ostreambuf_iterator@DU?$char_traits@D@std@@@std@@@2@PAV32@@Z 004053f0 f i DItest.obj
 0001:00004480       ?_Save@?$_Tidyfac@V?$numpunct@D@std@@@std@@SAPAV?$numpunct@D@2@PAV32@@Z 00405480 f i DItest.obj
 0001:00004510       ?_Init@?$num_put@DV?$ostreambuf_iterator@DU?$char_traits@D@std@@@std@@@std@@IAEXABV_Locinfo@2@@Z 00405510 f i DItest.obj
 0001:00004540       ?_Init@?$numpunct@D@std@@IAEXABV_Locinfo@2@@Z 00405540 f i DItest.obj
 0001:00004600       ?_Getlconv@_Locinfo@std@@QBEPBUlconv@@XZ 00405600 f i DItest.obj
 0001:00004640       ?_Getfalse@_Locinfo@std@@QBEPBDXZ 00405640 f i DItest.obj
 0001:00004670       ?_Gettrue@_Locinfo@std@@QBEPBDXZ 00405670 f i DItest.obj
 0001:000046a0       ?_Tidy@?$_Tidyfac@V?$num_put@DV?$ostreambuf_iterator@DU?$char_traits@D@std@@@std@@@std@@@std@@SAXXZ 004056a0 f i DItest.obj
 0001:00004750       ?_Tidy@?$_Tidyfac@V?$numpunct@D@std@@@std@@SAXXZ 00405750 f i DItest.obj
 0001:00004800       ?_Maklocstr@std@@YAPADPBDPAD@Z 00405800 f i DItest.obj
 0001:000048f0       ?id@?$ctype@G@std@@$D      004058f0 f i DItest.obj
 0001:00004970       ?id@?$num_put@DV?$ostreambuf_iterator@DU?$char_traits@D@std@@@$D 00405970 f i DItest.obj
 0001:000049f0       ?id@?$numpunct@D@std@@$D   004059f0 f i DItest.obj
 0001:00004a70       ?id@?$numpunct@D@std@@$E   00405a70 f i DItest.obj
 0001:00004a90       ?id@?$num_put@DV?$ostreambuf_iterator@DU?$char_traits@D@std@@@$E 00405a90 f i DItest.obj
 0001:00004ab0       ?id@?$ctype@G@std@@$E      00405ab0 f i DItest.obj
 0001:00004ad0       _ShutdownWinIo@0           00405ad0 f   winio:WINIO.dll
 0001:00004ad6       _InitializeWinIo@0         00405ad6 f   winio:WINIO.dll
 0001:00004c00       ??_D?$basic_istream@DU?$char_traits@D@std@@@std@@QAEXXZ 00405c00 f i libcpd:iostream.obj
 0001:00004c90       ??_D?$basic_ostream@DU?$char_traits@D@std@@@std@@QAEXXZ 00405c90 f i libcpd:iostream.obj
 0001:00004de0       ??0Init@ios_base@std@@QAE@XZ 00405de0 f   libcpd:iostream.obj
 0001:000050c0       ??2@YAPAXIPAX@Z            004060c0 f i libcpd:iostream.obj
 0001:000050d0       ??3@YAXPAX0@Z              004060d0 f i libcpd:iostream.obj
 0001:000050e0       ?setf@ios_base@std@@QAEHH@Z 004060e0 f i libcpd:iostream.obj
 0001:00005120       ??1Init@ios_base@std@@QAE@XZ 00406120 f   libcpd:iostream.obj
 0001:00005190       ??0?$basic_ostream@DU?$char_traits@D@std@@@std@@QAE@PAV?$basic_streambuf@DU?$char_traits@D@std@@@1@_N1@Z 00406190 f i libcpd:iostream.obj
 0001:00005240       ??0?$basic_ostream@DU?$char_traits@D@std@@@std@@QAE@W4_Uninitialized@1@@Z 00406240 f i libcpd:iostream.obj
 0001:000052d0       ??1?$basic_ostream@DU?$char_traits@D@std@@@std@@UAE@XZ 004062d0 f i libcpd:iostream.obj
 0001:000052f0       ??1?$basic_ios@DU?$char_traits@D@std@@@std@@UAE@XZ 004062f0 f i libcpd:iostream.obj
 0001:00005310       ?tie@?$basic_ios@DU?$char_traits@D@std@@@std@@QAEPAV?$basic_ostream@DU?$char_traits@D@std@@@2@PAV32@@Z 00406310 f i libcpd:iostream.obj
 0001:00005340       ??0?$basic_istream@DU?$char_traits@D@std@@@std@@QAE@PAV?$basic_streambuf@DU?$char_traits@D@std@@@1@_N@Z 00406340 f i libcpd:iostream.obj
 0001:000053e0       ??0?$basic_istream@DU?$char_traits@D@std@@@std@@QAE@W4_Uninitialized@1@@Z 004063e0 f i libcpd:iostream.obj
 0001:00005470       ??1?$basic_istream@DU?$char_traits@D@std@@@std@@UAE@XZ 00406470 f i libcpd:iostream.obj
 0001:00005490       ??0?$basic_filebuf@DU?$char_traits@D@std@@@std@@QAE@PAU_iobuf@@@Z 00406490 f i libcpd:iostream.obj
 0001:00005500       ??0locale@std@@QAE@XZ      00406500 f i libcpd:iostream.obj
 0001:00005540       ??1?$basic_streambuf@DU?$char_traits@D@std@@@std@@UAE@XZ 00406540 f i libcpd:iostream.obj
 0001:00005560       ?overflow@?$basic_streambuf@DU?$char_traits@D@std@@@std@@MAEHH@Z 00406560 f i libcpd:iostream.obj
 0001:00005580       ?pbackfail@?$basic_streambuf@DU?$char_traits@D@std@@@std@@MAEHH@Z 00406580 f i libcpd:iostream.obj
 0001:000055a0       ?showmanyc@?$basic_streambuf@DU?$char_traits@D@std@@@std@@MAEHXZ 004065a0 f i libcpd:iostream.obj
 0001:000055b0       ?underflow@?$basic_streambuf@DU?$char_traits@D@std@@@std@@MAEHXZ 004065b0 f i libcpd:iostream.obj
 0001:000055c0       ?uflow@?$basic_streambuf@DU?$char_traits@D@std@@@std@@MAEHXZ 004065c0 f i libcpd:iostream.obj
 0001:00005620       ?xsgetn@?$basic_streambuf@DU?$char_traits@D@std@@@std@@MAEHPADH@Z 00406620 f i libcpd:iostream.obj
 0001:00005720       ?to_char_type@?$char_traits@D@std@@SADABH@Z 00406720 f i libcpd:iostream.obj
 0001:00005730       ?xsputn@?$basic_streambuf@DU?$char_traits@D@std@@@std@@MAEHPBDH@Z 00406730 f i libcpd:iostream.obj
 0001:00005830       ?seekoff@?$basic_streambuf@DU?$char_traits@D@std@@@std@@MAE?AV?$fpos@H@2@JW4seekdir@ios_base@2@H@Z 00406830 f i libcpd:iostream.obj
 0001:00005860       ?seekpos@?$basic_streambuf@DU?$char_traits@D@std@@@std@@MAE?AV?$fpos@H@2@V32@H@Z 00406860 f i libcpd:iostream.obj
 0001:00005890       ?setbuf@?$basic_streambuf@DU?$char_traits@D@std@@@std@@MAEPAV12@PADH@Z 00406890 f i libcpd:iostream.obj
 0001:000058a0       ?sync@?$basic_streambuf@DU?$char_traits@D@std@@@std@@MAEHXZ 004068a0 f i libcpd:iostream.obj
 0001:000058b0       ?imbue@?$basic_streambuf@DU?$char_traits@D@std@@@std@@MAEXABVlocale@2@@Z 004068b0 f i libcpd:iostream.obj
 0001:000058c0       ??0?$basic_filebuf@DU?$char_traits@D@std@@@std@@QAE@W4_Uninitialized@1@@Z 004068c0 f i libcpd:iostream.obj
 0001:00005920       ??0locale@std@@QAE@W4_Uninitialized@1@@Z 00406920 f i libcpd:iostream.obj
 0001:00005930       ??1?$basic_filebuf@DU?$char_traits@D@std@@@std@@UAE@XZ 00406930 f i libcpd:iostream.obj
 0001:000059d0       ?overflow@?$basic_filebuf@DU?$char_traits@D@std@@@std@@MAEHH@Z 004069d0 f i libcpd:iostream.obj
 0001:00005be0       ?not_eof@?$char_traits@D@std@@SAHABH@Z 00406be0 f i libcpd:iostream.obj
 0001:00005c10       ?_Fputc@std@@YA_NDPAU_iobuf@@@Z 00406c10 f i libcpd:iostream.obj
 0001:00005c30       ?pbackfail@?$basic_filebuf@DU?$char_traits@D@std@@@std@@MAEHH@Z 00406c30 f i libcpd:iostream.obj
 0001:00005db0       ?_Ungetc@std@@YA_NDPAU_iobuf@@@Z 00406db0 f i libcpd:iostream.obj
 0001:00005de0       ?underflow@?$basic_filebuf@DU?$char_traits@D@std@@@std@@MAEHXZ 00406de0 f i libcpd:iostream.obj
 0001:00005e40       ?uflow@?$basic_filebuf@DU?$char_traits@D@std@@@std@@MAEHXZ 00406e40 f i libcpd:iostream.obj
 0001:00005fe0       ?_Fgetc@std@@YA_NAADPAU_iobuf@@@Z 00406fe0 f i libcpd:iostream.obj
 0001:00006010       ?seekoff@?$basic_filebuf@DU?$char_traits@D@std@@@std@@MAE?AV?$fpos@H@2@JW4seekdir@ios_base@2@H@Z 00407010 f i libcpd:iostream.obj
 0001:000060a0       ?seekpos@?$basic_filebuf@DU?$char_traits@D@std@@@std@@MAE?AV?$fpos@H@2@V32@H@Z 004070a0 f i libcpd:iostream.obj
 0001:000061a0       ?setbuf@?$basic_filebuf@DU?$char_traits@D@std@@@std@@MAEPAV?$basic_streambuf@DU?$char_traits@D@std@@@2@PADH@Z 004071a0 f i libcpd:iostream.obj
 0001:000061f0       ?sync@?$basic_filebuf@DU?$char_traits@D@std@@@std@@MAEHXZ 004071f0 f i libcpd:iostream.obj
 0001:00006230       ??_G?$basic_ostream@DU?$char_traits@D@std@@@std@@UAEPAXI@Z 00407230 f i libcpd:iostream.obj
 0001:00006230       ??_E?$basic_ostream@DU?$char_traits@D@std@@@std@@UAEPAXI@Z 00407230 f i libcpd:iostream.obj
 0001:00006270       ??_E?$basic_ios@DU?$char_traits@D@std@@@std@@UAEPAXI@Z 00407270 f i libcpd:iostream.obj
 0001:00006270       ??_G?$basic_ios@DU?$char_traits@D@std@@@std@@UAEPAXI@Z 00407270 f i libcpd:iostream.obj
 0001:000062a0       ??_E?$basic_istream@DU?$char_traits@D@std@@@std@@UAEPAXI@Z 004072a0 f i libcpd:iostream.obj
 0001:000062a0       ??_G?$basic_istream@DU?$char_traits@D@std@@@std@@UAEPAXI@Z 004072a0 f i libcpd:iostream.obj
 0001:000062e0       ??_G?$basic_streambuf@DU?$char_traits@D@std@@@std@@UAEPAXI@Z 004072e0 f i libcpd:iostream.obj
 0001:000062e0       ??_E?$basic_streambuf@DU?$char_traits@D@std@@@std@@UAEPAXI@Z 004072e0 f i libcpd:iostream.obj
 0001:00006310       ??_E?$basic_filebuf@DU?$char_traits@D@std@@@std@@UAEPAXI@Z 00407310 f i libcpd:iostream.obj
 0001:00006310       ??_G?$basic_filebuf@DU?$char_traits@D@std@@@std@@UAEPAXI@Z 00407310 f i libcpd:iostream.obj
 0001:00006340       ??_G?$basic_string@DU?$char_traits@D@std@@V?$allocator@D@2@@std@@QAEPAXI@Z 00407340 f i libcpd:iostream.obj
 0001:00006370       ?begin@?$basic_string@DU?$char_traits@D@std@@V?$allocator@D@2@@std@@QAEPADXZ 00407370 f i libcpd:iostream.obj
 0001:00006390       ?end@?$basic_string@DU?$char_traits@D@std@@V?$allocator@D@2@@std@@QAEPADXZ 00407390 f i libcpd:iostream.obj
 0001:000063c0       ?_Psum@?$basic_string@DU?$char_traits@D@std@@V?$allocator@D@2@@std@@CAPADPADI@Z 004073c0 f i libcpd:iostream.obj
 0001:000063f0       ?init@?$basic_ios@DU?$char_traits@D@std@@@std@@IAEXPAV?$basic_streambuf@DU?$char_traits@D@std@@@2@_N@Z 004073f0 f i libcpd:iostream.obj
 0001:00006460       ??0?$basic_ios@DU?$char_traits@D@std@@@std@@IAE@XZ 00407460 f i libcpd:iostream.obj
 0001:00006480       ??0ios_base@std@@IAE@XZ    00407480 f i libcpd:iostream.obj
 0001:000064b0       ??_Gios_base@std@@UAEPAXI@Z 004074b0 f i libcpd:iostream.obj
 0001:000064b0       ??_Eios_base@std@@UAEPAXI@Z 004074b0 f i libcpd:iostream.obj
 0001:000064e0       ??0?$fpos@H@std@@QAE@J@Z   004074e0 f i libcpd:iostream.obj
 0001:00006520       ??0?$fpos@H@std@@QAE@H_J@Z 00407520 f i libcpd:iostream.obj
 0001:00006560       ?state@?$fpos@H@std@@QBEHXZ 00407560 f i libcpd:iostream.obj
 0001:00006580       ?get_fpos_t@?$fpos@H@std@@QBE_JXZ 00407580 f i libcpd:iostream.obj
 0001:000065a0       ??B?$fpos@H@std@@QBEJXZ    004075a0 f i libcpd:iostream.obj
 0001:000065c0       ??0?$basic_streambuf@DU?$char_traits@D@std@@@std@@IAE@XZ 004075c0 f i libcpd:iostream.obj
 0001:00006620       ??0?$basic_streambuf@DU?$char_traits@D@std@@@std@@IAE@W4_Uninitialized@1@@Z 00407620 f i libcpd:iostream.obj
 0001:00006650       ?eback@?$basic_streambuf@DU?$char_traits@D@std@@@std@@IBEPADXZ 00407650 f i libcpd:iostream.obj
 0001:00006670       ?gptr@?$basic_streambuf@DU?$char_traits@D@std@@@std@@IBEPADXZ 00407670 f i libcpd:iostream.obj
 0001:00006690       ?egptr@?$basic_streambuf@DU?$char_traits@D@std@@@std@@IBEPADXZ 00407690 f i libcpd:iostream.obj
 0001:000066b0       ?gbump@?$basic_streambuf@DU?$char_traits@D@std@@@std@@IAEXH@Z 004076b0 f i libcpd:iostream.obj
 0001:000066f0       ?_Gndec@?$basic_streambuf@DU?$char_traits@D@std@@@std@@IAEPADXZ 004076f0 f i libcpd:iostream.obj
 0001:00006730       ?_Gninc@?$basic_streambuf@DU?$char_traits@D@std@@@std@@IAEPADXZ 00407730 f i libcpd:iostream.obj
 0001:00006770       ?pbump@?$basic_streambuf@DU?$char_traits@D@std@@@std@@IAEXH@Z 00407770 f i libcpd:iostream.obj
 0001:000067b0       ?close@?$basic_filebuf@DU?$char_traits@D@std@@@std@@QAEPAV12@XZ 004077b0 f i libcpd:iostream.obj
 0001:000067f0       ?_Init@?$basic_filebuf@DU?$char_traits@D@std@@@std@@IAEXPAU_iobuf@@W4_Initfl@12@@Z 004077f0 f i libcpd:iostream.obj
 0001:000068d0       ?in@?$codecvt@DDH@std@@QBEHAAHPBD1AAPBDPAD3AAPAD@Z 004078d0 f i libcpd:iostream.obj
 0001:00006910       ?out@?$codecvt@DDH@std@@QBEHAAHPBD1AAPBDPAD3AAPAD@Z 00407910 f i libcpd:iostream.obj
 0001:00006950       ?_Freeze@?$basic_string@DU?$char_traits@D@std@@V?$allocator@D@2@@std@@AAEXXZ 00407950 f i libcpd:iostream.obj
 0001:000069d0       ?_Init@?$basic_streambuf@DU?$char_traits@D@std@@@std@@IAEXXZ 004079d0 f i libcpd:iostream.obj
 0001:00006a40       ?_Init@?$basic_streambuf@DU?$char_traits@D@std@@@std@@IAEXPAPAD0PAH001@Z 00407a40 f i libcpd:iostream.obj
 0001:00006a90       ?setg@?$basic_streambuf@DU?$char_traits@D@std@@@std@@IAEXPAD00@Z 00407a90 f i libcpd:iostream.obj
 0001:00006ad0       ?setp@?$basic_streambuf@DU?$char_traits@D@std@@@std@@IAEXPAD0@Z 00407ad0 f i libcpd:iostream.obj
 0001:00006b10       ?_Ungetc@std@@YA_NABDPAU_iobuf@@I@Z 00407b10 f i libcpd:iostream.obj
 0001:00006bd0       ?id@?$collate@D@std@@$D    00407bd0 f i libcpd:iostream.obj
 0001:00006c20       ?id@?$collate@D@std@@$E    00407c20 f i libcpd:iostream.obj
 0001:00006c30       ?clear@ios_base@std@@QAEXH_N@Z 00407c30 f   libcpd:ios.obj
 0001:00006d10       ??0runtime_error@std@@QAE@ABV01@@Z 00407d10 f i libcpd:ios.obj
 0001:00006d80       ?what@runtime_error@std@@UBEPBDXZ 00407d80 f i libcpd:ios.obj
 0001:00006da0       ?_Doraise@runtime_error@std@@MBEXXZ 00407da0 f i libcpd:ios.obj
 0001:00006dd0       ??1runtime_error@std@@UAE@XZ 00407dd0 f i libcpd:ios.obj
 0001:00006e30       ??_Eruntime_error@std@@UAEPAXI@Z 00407e30 f i libcpd:ios.obj
 0001:00006e30       ??_Gruntime_error@std@@UAEPAXI@Z 00407e30 f i libcpd:ios.obj
 0001:00006e60       ??0failure@ios_base@std@@QAE@ABV?$basic_string@DU?$char_traits@D@std@@V?$allocator@D@2@@2@@Z 00407e60 f i libcpd:ios.obj
 0001:00006e90       ??0runtime_error@std@@QAE@ABV?$basic_string@DU?$char_traits@D@std@@V?$allocator@D@2@@1@@Z 00407e90 f i libcpd:ios.obj
 0001:00006f00       ??1failure@ios_base@std@@UAE@XZ 00407f00 f i libcpd:ios.obj
 0001:00006f20       ?_Doraise@failure@ios_base@std@@MBEXXZ 00407f20 f i libcpd:ios.obj
 0001:00006f50       ??_Efailure@ios_base@std@@UAEPAXI@Z 00407f50 f i libcpd:ios.obj
 0001:00006f50       ??_Gfailure@ios_base@std@@UAEPAXI@Z 00407f50 f i libcpd:ios.obj
 0001:00006f80       ??0failure@ios_base@std@@QAE@ABV012@@Z 00407f80 f i libcpd:ios.obj
 0001:00006fb0       ?copyfmt@ios_base@std@@QAEAAV12@ABV12@@Z 00407fb0 f   libcpd:ios.obj
 0001:00007090       ??4locale@std@@QAEAAV01@ABV01@@Z 00408090 f i libcpd:ios.obj
 0001:00007100       ?exceptions@ios_base@std@@QAEXH@Z 00408100 f i libcpd:ios.obj
 0001:00007130       ?iword@ios_base@std@@QAEAAJH@Z 00408130 f i libcpd:ios.obj
 0001:00007150       ?pword@ios_base@std@@QAEAAPAXH@Z 00408150 f i libcpd:ios.obj
 0001:00007170       ?imbue@ios_base@std@@QAE?AVlocale@2@ABV32@@Z 00408170 f   libcpd:ios.obj
 0001:00007200       ?register_callback@ios_base@std@@QAEXP6AXW4event@12@AAV12@H@ZH@Z 00408200 f   libcpd:ios.obj
 0001:00007290       ??0_Fnarray@ios_base@std@@QAE@HP6AXW4event@12@AAV12@H@ZPAU012@@Z 00408290 f i libcpd:ios.obj
 0001:000072c0       ??1ios_base@std@@UAE@XZ    004082c0 f   libcpd:ios.obj
 0001:00007350       ?_Callfns@ios_base@std@@AAEXW4event@12@@Z 00408350 f   libcpd:ios.obj
 0001:000073a0       ?_Findarr@ios_base@std@@AAEAAU_Iosarray@12@H@Z 004083a0 f   libcpd:ios.obj
 0001:000074d0       ??0_Iosarray@ios_base@std@@QAE@HPAU012@@Z 004084d0 f i libcpd:ios.obj
 0001:00007510       ?_Addstd@ios_base@std@@IAEXXZ 00408510 f   libcpd:ios.obj
 0001:000075a0       ?_Init@ios_base@std@@IAEXXZ 004085a0 f   libcpd:ios.obj
 0001:00007630       ?_Tidy@ios_base@std@@AAEXXZ 00408630 f   libcpd:ios.obj
 0001:000076d0       ??0?$basic_string@DU?$char_traits@D@std@@V?$allocator@D@2@@std@@QAE@ABV01@@Z 004086d0 f i libcpd:ios.obj
 0001:00007710       ?uncaught_exception@std@@YA_NXZ 00408710 f   libcpd:uncaught.obj
 0001:00007940       ??_D?$basic_istream@GU?$char_traits@G@std@@@std@@QAEXXZ 00408940 f i libcpd:wiostrea.obj
 0001:000079d0       ??_D?$basic_ostream@GU?$char_traits@G@std@@@std@@QAEXXZ 004089d0 f i libcpd:wiostrea.obj
 0001:00007ac0       ??0_Winit@std@@QAE@XZ      00408ac0 f   libcpd:wiostrea.obj
 0001:00007da0       ??1_Winit@std@@QAE@XZ      00408da0 f   libcpd:wiostrea.obj
 0001:00007e10       ??0?$basic_ostream@GU?$char_traits@G@std@@@std@@QAE@PAV?$basic_streambuf@GU?$char_traits@G@std@@@1@_N1@Z 00408e10 f i libcpd:wiostrea.obj
 0001:00007ec0       ??0?$basic_ostream@GU?$char_traits@G@std@@@std@@QAE@W4_Uninitialized@1@@Z 00408ec0 f i libcpd:wiostrea.obj
 0001:00007f50       ??1?$basic_ostream@GU?$char_traits@G@std@@@std@@UAE@XZ 00408f50 f i libcpd:wiostrea.obj
 0001:00007f70       ?flush@?$basic_ostream@GU?$char_traits@G@std@@@std@@QAEAAV12@XZ 00408f70 f i libcpd:wiostrea.obj
 0001:00007fe0       ??1?$basic_ios@GU?$char_traits@G@std@@@std@@UAE@XZ 00408fe0 f i libcpd:wiostrea.obj
 0001:00008000       ?setstate@?$basic_ios@GU?$char_traits@G@std@@@std@@QAEXH_N@Z 00409000 f i libcpd:wiostrea.obj
 0001:00008030       ?tie@?$basic_ios@GU?$char_traits@G@std@@@std@@QAEPAV?$basic_ostream@GU?$char_traits@G@std@@@2@PAV32@@Z 00409030 f i libcpd:wiostrea.obj
 0001:00008060       ?rdbuf@?$basic_ios@GU?$char_traits@G@std@@@std@@QBEPAV?$basic_streambuf@GU?$char_traits@G@std@@@2@XZ 00409060 f i libcpd:wiostrea.obj
 0001:00008080       ??0?$basic_istream@GU?$char_traits@G@std@@@std@@QAE@PAV?$basic_streambuf@GU?$char_traits@G@std@@@1@_N@Z 00409080 f i libcpd:wiostrea.obj
 0001:00008120       ??0?$basic_istream@GU?$char_traits@G@std@@@std@@QAE@W4_Uninitialized@1@@Z 00409120 f i libcpd:wiostrea.obj
 0001:000081b0       ??1?$basic_istream@GU?$char_traits@G@std@@@std@@UAE@XZ 004091b0 f i libcpd:wiostrea.obj
 0001:000081d0       ??0?$basic_filebuf@GU?$char_traits@G@std@@@std@@QAE@PAU_iobuf@@@Z 004091d0 f i libcpd:wiostrea.obj
 0001:00008240       ??1?$basic_streambuf@GU?$char_traits@G@std@@@std@@UAE@XZ 00409240 f i libcpd:wiostrea.obj
 0001:00008260       ?overflow@?$basic_streambuf@GU?$char_traits@G@std@@@std@@MAEGG@Z 00409260 f i libcpd:wiostrea.obj
 0001:00008280       ?eof@?$char_traits@G@std@@SAGXZ 00409280 f i libcpd:wiostrea.obj
 0001:00008290       ?pbackfail@?$basic_streambuf@GU?$char_traits@G@std@@@std@@MAEGG@Z 00409290 f i libcpd:wiostrea.obj
 0001:000082b0       ?showmanyc@?$basic_streambuf@GU?$char_traits@G@std@@@std@@MAEHXZ 004092b0 f i libcpd:wiostrea.obj
 0001:000082c0       ?underflow@?$basic_streambuf@GU?$char_traits@G@std@@@std@@MAEGXZ 004092c0 f i libcpd:wiostrea.obj
 0001:000082d0       ?uflow@?$basic_streambuf@GU?$char_traits@G@std@@@std@@MAEGXZ 004092d0 f i libcpd:wiostrea.obj
 0001:00008340       ?to_int_type@?$char_traits@G@std@@SAGABG@Z 00409340 f i libcpd:wiostrea.obj
 0001:00008350       ?eq_int_type@?$char_traits@G@std@@SA_NABG0@Z 00409350 f i libcpd:wiostrea.obj
 0001:00008370       ?xsgetn@?$basic_streambuf@GU?$char_traits@G@std@@@std@@MAEHPAGH@Z 00409370 f i libcpd:wiostrea.obj
 0001:00008480       ?copy@?$char_traits@G@std@@SAPAGPAGPBGI@Z 00409480 f i libcpd:wiostrea.obj
 0001:000084a0       _wmemcpy                   004094a0 f i libcpd:wiostrea.obj
 0001:000084f0       ?to_char_type@?$char_traits@G@std@@SAGABG@Z 004094f0 f i libcpd:wiostrea.obj
 0001:00008500       ?xsputn@?$basic_streambuf@GU?$char_traits@G@std@@@std@@MAEHPBGH@Z 00409500 f i libcpd:wiostrea.obj
 0001:00008610       ?seekoff@?$basic_streambuf@GU?$char_traits@G@std@@@std@@MAE?AV?$fpos@H@2@JW4seekdir@ios_base@2@H@Z 00409610 f i libcpd:wiostrea.obj
 0001:00008640       ?seekpos@?$basic_streambuf@GU?$char_traits@G@std@@@std@@MAE?AV?$fpos@H@2@V32@H@Z 00409640 f i libcpd:wiostrea.obj
 0001:00008670       ?setbuf@?$basic_streambuf@GU?$char_traits@G@std@@@std@@MAEPAV12@PAGH@Z 00409670 f i libcpd:wiostrea.obj
 0001:00008680       ?sync@?$basic_streambuf@GU?$char_traits@G@std@@@std@@MAEHXZ 00409680 f i libcpd:wiostrea.obj
 0001:00008690       ?imbue@?$basic_streambuf@GU?$char_traits@G@std@@@std@@MAEXABVlocale@2@@Z 00409690 f i libcpd:wiostrea.obj
 0001:000086a0       ??0?$basic_filebuf@GU?$char_traits@G@std@@@std@@QAE@W4_Uninitialized@1@@Z 004096a0 f i libcpd:wiostrea.obj
 0001:00008700       ??1?$basic_filebuf@GU?$char_traits@G@std@@@std@@UAE@XZ 00409700 f i libcpd:wiostrea.obj
 0001:000087a0       ?overflow@?$basic_filebuf@GU?$char_traits@G@std@@@std@@MAEGG@Z 004097a0 f i libcpd:wiostrea.obj
 0001:000089c0       ?not_eof@?$char_traits@G@std@@SAGABG@Z 004099c0 f i libcpd:wiostrea.obj
 0001:00008a10       ?out@?$codecvt@GDH@std@@QBEHAAHPBG1AAPBGPAD3AAPAD@Z 00409a10 f i libcpd:wiostrea.obj
 0001:00008a50       ?_Fputc@std@@YA_NGPAU_iobuf@@@Z 00409a50 f i libcpd:wiostrea.obj
 0001:00008a80       ?pbackfail@?$basic_filebuf@GU?$char_traits@G@std@@@std@@MAEGG@Z 00409a80 f i libcpd:wiostrea.obj
 0001:00008c10       ?_Ungetc@std@@YA_NGPAU_iobuf@@@Z 00409c10 f i libcpd:wiostrea.obj
 0001:00008c40       ?underflow@?$basic_filebuf@GU?$char_traits@G@std@@@std@@MAEGXZ 00409c40 f i libcpd:wiostrea.obj
 0001:00008ca0       ?uflow@?$basic_filebuf@GU?$char_traits@G@std@@@std@@MAEGXZ 00409ca0 f i libcpd:wiostrea.obj
 0001:00008e40       ?in@?$codecvt@GDH@std@@QBEHAAHPBD1AAPBDPAG3AAPAG@Z 00409e40 f i libcpd:wiostrea.obj
 0001:00008e80       ?_Fgetc@std@@YA_NAAGPAU_iobuf@@@Z 00409e80 f i libcpd:wiostrea.obj
 0001:00008ec0       ?seekoff@?$basic_filebuf@GU?$char_traits@G@std@@@std@@MAE?AV?$fpos@H@2@JW4seekdir@ios_base@2@H@Z 00409ec0 f i libcpd:wiostrea.obj
 0001:00008f50       ?seekpos@?$basic_filebuf@GU?$char_traits@G@std@@@std@@MAE?AV?$fpos@H@2@V32@H@Z 00409f50 f i libcpd:wiostrea.obj
 0001:00009050       ?setbuf@?$basic_filebuf@GU?$char_traits@G@std@@@std@@MAEPAV?$basic_streambuf@GU?$char_traits@G@std@@@2@PAGH@Z 0040a050 f i libcpd:wiostrea.obj
 0001:000090a0       ?sync@?$basic_filebuf@GU?$char_traits@G@std@@@std@@MAEHXZ 0040a0a0 f i libcpd:wiostrea.obj
 0001:000090e0       ??_G?$basic_ostream@GU?$char_traits@G@std@@@std@@UAEPAXI@Z 0040a0e0 f i libcpd:wiostrea.obj
 0001:000090e0       ??_E?$basic_ostream@GU?$char_traits@G@std@@@std@@UAEPAXI@Z 0040a0e0 f i libcpd:wiostrea.obj
 0001:00009120       ??_G?$basic_ios@GU?$char_traits@G@std@@@std@@UAEPAXI@Z 0040a120 f i libcpd:wiostrea.obj
 0001:00009120       ??_E?$basic_ios@GU?$char_traits@G@std@@@std@@UAEPAXI@Z 0040a120 f i libcpd:wiostrea.obj
 0001:00009150       ??_G?$basic_istream@GU?$char_traits@G@std@@@std@@UAEPAXI@Z 0040a150 f i libcpd:wiostrea.obj
 0001:00009150       ??_E?$basic_istream@GU?$char_traits@G@std@@@std@@UAEPAXI@Z 0040a150 f i libcpd:wiostrea.obj
 0001:00009190       ??_G?$basic_streambuf@GU?$char_traits@G@std@@@std@@UAEPAXI@Z 0040a190 f i libcpd:wiostrea.obj
 0001:00009190       ??_E?$basic_streambuf@GU?$char_traits@G@std@@@std@@UAEPAXI@Z 0040a190 f i libcpd:wiostrea.obj
 0001:000091c0       ??_G?$basic_filebuf@GU?$char_traits@G@std@@@std@@UAEPAXI@Z 0040a1c0 f i libcpd:wiostrea.obj
 0001:000091c0       ??_E?$basic_filebuf@GU?$char_traits@G@std@@@std@@UAEPAXI@Z 0040a1c0 f i libcpd:wiostrea.obj
 0001:000091f0       ?clear@?$basic_ios@GU?$char_traits@G@std@@@std@@QAEXH_N@Z 0040a1f0 f i libcpd:wiostrea.obj
 0001:00009230       ?init@?$basic_ios@GU?$char_traits@G@std@@@std@@IAEXPAV?$basic_streambuf@GU?$char_traits@G@std@@@2@_N@Z 0040a230 f i libcpd:wiostrea.obj
 0001:000092a0       ?_Widen@std@@YAGDPAG@Z     0040a2a0 f i libcpd:wiostrea.obj
 0001:000092c0       ??0?$basic_ios@GU?$char_traits@G@std@@@std@@IAE@XZ 0040a2c0 f i libcpd:wiostrea.obj
 0001:000092e0       ??0?$basic_streambuf@GU?$char_traits@G@std@@@std@@IAE@XZ 0040a2e0 f i libcpd:wiostrea.obj
 0001:00009340       ??0?$basic_streambuf@GU?$char_traits@G@std@@@std@@IAE@W4_Uninitialized@1@@Z 0040a340 f i libcpd:wiostrea.obj
 0001:00009370       ?pubsync@?$basic_streambuf@GU?$char_traits@G@std@@@std@@QAEHXZ 0040a370 f i libcpd:wiostrea.obj
 0001:00009390       ?eback@?$basic_streambuf@GU?$char_traits@G@std@@@std@@IBEPAGXZ 0040a390 f i libcpd:wiostrea.obj
 0001:000093b0       ?gptr@?$basic_streambuf@GU?$char_traits@G@std@@@std@@IBEPAGXZ 0040a3b0 f i libcpd:wiostrea.obj
 0001:000093d0       ?pptr@?$basic_streambuf@GU?$char_traits@G@std@@@std@@IBEPAGXZ 0040a3d0 f i libcpd:wiostrea.obj
 0001:000093f0       ?egptr@?$basic_streambuf@GU?$char_traits@G@std@@@std@@IBEPAGXZ 0040a3f0 f i libcpd:wiostrea.obj
 0001:00009410       ?gbump@?$basic_streambuf@GU?$char_traits@G@std@@@std@@IAEXH@Z 0040a410 f i libcpd:wiostrea.obj
 0001:00009450       ?epptr@?$basic_streambuf@GU?$char_traits@G@std@@@std@@IBEPAGXZ 0040a450 f i libcpd:wiostrea.obj
 0001:00009470       ?_Gndec@?$basic_streambuf@GU?$char_traits@G@std@@@std@@IAEPAGXZ 0040a470 f i libcpd:wiostrea.obj
 0001:000094b0       ?_Gninc@?$basic_streambuf@GU?$char_traits@G@std@@@std@@IAEPAGXZ 0040a4b0 f i libcpd:wiostrea.obj
 0001:000094f0       ?pbump@?$basic_streambuf@GU?$char_traits@G@std@@@std@@IAEXH@Z 0040a4f0 f i libcpd:wiostrea.obj
 0001:00009530       ?_Pninc@?$basic_streambuf@GU?$char_traits@G@std@@@std@@IAEPAGXZ 0040a530 f i libcpd:wiostrea.obj
 0001:00009570       ?close@?$basic_filebuf@GU?$char_traits@G@std@@@std@@QAEPAV12@XZ 0040a570 f i libcpd:wiostrea.obj
 0001:000095b0       ?_Init@?$basic_filebuf@GU?$char_traits@G@std@@@std@@IAEXPAU_iobuf@@W4_Initfl@12@@Z 0040a5b0 f i libcpd:wiostrea.obj
 0001:00009690       ?_Init@?$basic_streambuf@GU?$char_traits@G@std@@@std@@IAEXXZ 0040a690 f i libcpd:wiostrea.obj
 0001:00009700       ?_Init@?$basic_streambuf@GU?$char_traits@G@std@@@std@@IAEXPAPAG0PAH001@Z 0040a700 f i libcpd:wiostrea.obj
 0001:00009750       ?setg@?$basic_streambuf@GU?$char_traits@G@std@@@std@@IAEXPAG00@Z 0040a750 f i libcpd:wiostrea.obj
 0001:00009790       ?setp@?$basic_streambuf@GU?$char_traits@G@std@@@std@@IAEXPAG0@Z 0040a790 f i libcpd:wiostrea.obj
 0001:00009830       ??3@YAXPAX@Z               0040a830 f   libcpd:delop.obj
 0001:000098b0       ?classic@locale@std@@SAABV12@XZ 0040a8b0 f   libcpd:locale0.obj
 0001:000098e0       ?empty@locale@std@@SA?AV12@XZ 0040a8e0 f   libcpd:locale0.obj
 0001:00009970       ??0locale@std@@AAE@PAV_Locimp@01@@Z 0040a970 f i libcpd:locale0.obj
 0001:00009990       ?_Getfacet@locale@std@@QBEPBVfacet@12@I_N@Z 0040a990 f   libcpd:locale0.obj
 0001:00009a40       ?_Iscloc@locale@std@@QBE_NXZ 0040aa40 f   libcpd:locale0.obj
 0001:00009aa0       ??8locale@std@@QBE_NABV01@@Z 0040aaa0 f   libcpd:locale0.obj
 0001:00009bc0       ?name@locale@std@@QBE?AV?$basic_string@DU?$char_traits@D@std@@V?$allocator@D@2@@2@XZ 0040abc0 f i libcpd:locale0.obj
 0001:00009c00       ?_Init@locale@std@@CAPAV_Locimp@12@XZ 0040ac00 f   libcpd:locale0.obj
 0001:00009d30       ?_Tidy@locale@std@@CAXXZ   0040ad30 f   libcpd:locale0.obj
 0001:00009dc0       ??0_Locimp@locale@std@@AAE@_N@Z 0040adc0 f   libcpd:locale0.obj
 0001:00009e50       ??_E_Locimp@locale@std@@UAEPAXI@Z 0040ae50 f i libcpd:locale0.obj
 0001:00009e50       ??_G_Locimp@locale@std@@UAEPAXI@Z 0040ae50 f i libcpd:locale0.obj
 0001:00009e80       ??1_Locimp@locale@std@@UAE@XZ 0040ae80 f   libcpd:locale0.obj
 0001:00009f70       ??4?$basic_string@DU?$char_traits@D@std@@V?$allocator@D@2@@std@@QAEAAV01@PBD@Z 0040af70 f i libcpd:locale0.obj
 0001:00009f90       ?compare@?$basic_string@DU?$char_traits@D@std@@V?$allocator@D@2@@std@@QBEHABV12@@Z 0040af90 f i libcpd:locale0.obj
 0001:00009fc0       ?compare@?$basic_string@DU?$char_traits@D@std@@V?$allocator@D@2@@std@@QBEHPBD@Z 0040afc0 f i libcpd:locale0.obj
 0001:00009ff0       ?compare@?$basic_string@DU?$char_traits@D@std@@V?$allocator@D@2@@std@@QBEHIIPBDI@Z 0040aff0 f i libcpd:locale0.obj
 0001:0000a0a0       ?compare@?$char_traits@D@std@@SAHPBD0I@Z 0040b0a0 f i libcpd:locale0.obj
 0001:0000a120       ??0locale@std@@QAE@ABV01@0H@Z 0040b120 f   libcpd:locale.obj
 0001:0000a210       ??0locale@std@@QAE@PBDH@Z  0040b210 f   libcpd:locale.obj
 0001:0000a380       ?_Getname@_Locinfo@std@@QBE?AV?$basic_string@DU?$char_traits@D@std@@V?$allocator@D@2@@2@XZ 0040b380 f i libcpd:locale.obj
 0001:0000a3c0       ??0locale@std@@QAE@ABV01@PBDH@Z 0040b3c0 f   libcpd:locale.obj
 0001:0000a550       ?_Addfac@locale@std@@QAEAAV12@PAVfacet@12@II@Z 0040b550 f   libcpd:locale.obj
 0001:0000a610       ?global@locale@std@@SA?AV12@ABV12@@Z 0040b610 f   libcpd:locale.obj
 0001:0000a790       ?_Makeloc@_Locimp@locale@std@@CAPAV123@ABV_Locinfo@3@HPAV123@PBV23@@Z 0040b790 f   libcpd:locale.obj
 0001:0000ab50       ??0?$ctype@D@std@@QAE@ABV_Locinfo@1@I@Z 0040bb50 f i libcpd:locale.obj
 0001:0000abb0       ??0ctype_base@std@@QAE@I@Z 0040bbb0 f i libcpd:locale.obj
 0001:0000abe0       ??_Gctype_base@std@@UAEPAXI@Z 0040bbe0 f i libcpd:locale.obj
 0001:0000abe0       ??_Ectype_base@std@@UAEPAXI@Z 0040bbe0 f i libcpd:locale.obj
 0001:0000ac10       ??1ctype_base@std@@UAE@XZ  0040bc10 f i libcpd:locale.obj
 0001:0000ac30       ?_Getcat@?$ctype@D@std@@SAIXZ 0040bc30 f i libcpd:locale.obj
 0001:0000ac40       ?_Init@?$ctype@D@std@@IAEXABV_Locinfo@2@@Z 0040bc40 f i libcpd:locale.obj
 0001:0000ace0       ?_Getctype@_Locinfo@std@@QBE?AU_Ctypevec@@XZ 0040bce0 f i libcpd:locale.obj
 0001:0000ad30       ?_Term@?$ctype@D@std@@KAXXZ 0040bd30 f i libcpd:locale.obj
 0001:0000ad50       ?do_tolower@?$ctype@D@std@@MBEDD@Z 0040bd50 f i libcpd:locale.obj
 0001:0000ad80       ?do_tolower@?$ctype@D@std@@MBEPBDPADPBD@Z 0040bd80 f i libcpd:locale.obj
 0001:0000adc0       ?do_toupper@?$ctype@D@std@@MBEDD@Z 0040bdc0 f i libcpd:locale.obj
 0001:0000adf0       ?do_toupper@?$ctype@D@std@@MBEPBDPADPBD@Z 0040bdf0 f i libcpd:locale.obj
 0001:0000ae30       ??_G?$ctype@D@std@@UAEPAXI@Z 0040be30 f i libcpd:locale.obj
 0001:0000ae30       ??_E?$ctype@D@std@@UAEPAXI@Z 0040be30 f i libcpd:locale.obj
 0001:0000ae60       ??1?$ctype@D@std@@UAE@XZ   0040be60 f i libcpd:locale.obj
 0001:0000aea0       ??0_Locimp@locale@std@@AAE@ABV012@@Z 0040bea0 f   libcpd:locale.obj
 0001:0000b030       ?_Addfac@_Locimp@locale@std@@AAEXPAVfacet@23@I@Z 0040c030 f   libcpd:locale.obj
 0001:0000b160       ??0_Locinfo@std@@QAE@PBD@Z 0040c160 f   libcpd:locale.obj
 0001:0000b240       ??0_Locinfo@std@@QAE@HPBD@Z 0040c240 f   libcpd:locale.obj
 0001:0000b2e0       ??1_Locinfo@std@@QAE@XZ    0040c2e0 f   libcpd:locale.obj
 0001:0000b380       ?_Addcats@_Locinfo@std@@QAEAAV12@HPBD@Z 0040c380 f   libcpd:locale.obj
 0001:0000b430       ??0?$codecvt@DDH@std@@QAE@ABV_Locinfo@1@I@Z 0040c430 f i libcpd:locale.obj
 0001:0000b490       ??0codecvt_base@std@@QAE@I@Z 0040c490 f i libcpd:locale.obj
 0001:0000b4c0       ?do_always_noconv@codecvt_base@std@@MBE_NXZ 0040c4c0 f i libcpd:locale.obj
 0001:0000b4d0       ?do_max_length@codecvt_base@std@@MBEHXZ 0040c4d0 f i libcpd:locale.obj
 0001:0000b4e0       ?do_encoding@codecvt_base@std@@MBEHXZ 0040c4e0 f i libcpd:locale.obj
 0001:0000b4f0       ??_Ecodecvt_base@std@@UAEPAXI@Z 0040c4f0 f i libcpd:locale.obj
 0001:0000b4f0       ??_Gcodecvt_base@std@@UAEPAXI@Z 0040c4f0 f i libcpd:locale.obj
 0001:0000b520       ??1codecvt_base@std@@UAE@XZ 0040c520 f i libcpd:locale.obj
 0001:0000b540       ?_Getcat@?$codecvt@DDH@std@@SAIXZ 0040c540 f i libcpd:locale.obj
 0001:0000b550       ?do_in@?$codecvt@DDH@std@@MBEHAAHPBD1AAPBDPAD3AAPAD@Z 0040c550 f i libcpd:locale.obj
 0001:0000b580       ?do_out@?$codecvt@DDH@std@@MBEHAAHPBD1AAPBDPAD3AAPAD@Z 0040c580 f i libcpd:locale.obj
 0001:0000b5b0       ?do_length@?$codecvt@DDH@std@@MBEHAAHPBD1I@Z 0040c5b0 f i libcpd:locale.obj
 0001:0000b5e0       ?_Getcat@?$num_get@DV?$istreambuf_iterator@DU?$char_traits@D@std@@@std@@@std@@SAIXZ 0040c5e0 f i libcpd:locale.obj
 0001:0000b5f0       ??0?$num_get@DV?$istreambuf_iterator@DU?$char_traits@D@std@@@std@@@std@@QAE@ABV_Locinfo@1@I@Z 0040c5f0 f i libcpd:locale.obj
 0001:0000b650       ?do_get@?$num_get@DV?$istreambuf_iterator@DU?$char_traits@D@std@@@std@@@std@@MBE?AV?$istreambuf_iterator@DU?$char_traits@D@std@@@2@V32@0AAVios_base@2@AAHAA_N@Z 0040c650 f i libcpd:locale.obj
 0001:0000b8a0       ?do_get@?$num_get@DV?$istreambuf_iterator@DU?$char_traits@D@std@@@std@@@std@@MBE?AV?$istreambuf_iterator@DU?$char_traits@D@std@@@2@V32@0AAVios_base@2@AAHAAG@Z 0040c8a0 f i libcpd:locale.obj
 0001:0000b9e0       ?do_get@?$num_get@DV?$istreambuf_iterator@DU?$char_traits@D@std@@@std@@@std@@MBE?AV?$istreambuf_iterator@DU?$char_traits@D@std@@@2@V32@0AAVios_base@2@AAHAAI@Z 0040c9e0 f i libcpd:locale.obj
 0001:0000bb20       ?do_get@?$num_get@DV?$istreambuf_iterator@DU?$char_traits@D@std@@@std@@@std@@MBE?AV?$istreambuf_iterator@DU?$char_traits@D@std@@@2@V32@0AAVios_base@2@AAHAAJ@Z 0040cb20 f i libcpd:locale.obj
 0001:0000bc20       ?do_get@?$num_get@DV?$istreambuf_iterator@DU?$char_traits@D@std@@@std@@@std@@MBE?AV?$istreambuf_iterator@DU?$char_traits@D@std@@@2@V32@0AAVios_base@2@AAHAAK@Z 0040cc20 f i libcpd:locale.obj
 0001:0000bd20       ?do_get@?$num_get@DV?$istreambuf_iterator@DU?$char_traits@D@std@@@std@@@std@@MBE?AV?$istreambuf_iterator@DU?$char_traits@D@std@@@2@V32@0AAVios_base@2@AAHAAM@Z 0040cd20 f i libcpd:locale.obj
 0001:0000be10       ?do_get@?$num_get@DV?$istreambuf_iterator@DU?$char_traits@D@std@@@std@@@std@@MBE?AV?$istreambuf_iterator@DU?$char_traits@D@std@@@2@V32@0AAVios_base@2@AAHAAN@Z 0040ce10 f i libcpd:locale.obj
 0001:0000bf10       ?do_get@?$num_get@DV?$istreambuf_iterator@DU?$char_traits@D@std@@@std@@@std@@MBE?AV?$istreambuf_iterator@DU?$char_traits@D@std@@@2@V32@0AAVios_base@2@AAHAAO@Z 0040cf10 f i libcpd:locale.obj
 0001:0000c010       ?do_get@?$num_get@DV?$istreambuf_iterator@DU?$char_traits@D@std@@@std@@@std@@MBE?AV?$istreambuf_iterator@DU?$char_traits@D@std@@@2@V32@0AAVios_base@2@AAHAAPAX@Z 0040d010 f i libcpd:locale.obj
 0001:0000c190       ?_Getcat@?$num_put@DV?$ostreambuf_iterator@DU?$char_traits@D@std@@@std@@@std@@SAIXZ 0040d190 f i libcpd:locale.obj
 0001:0000c1a0       ??0?$num_put@DV?$ostreambuf_iterator@DU?$char_traits@D@std@@@std@@@std@@QAE@ABV_Locinfo@1@I@Z 0040d1a0 f i libcpd:locale.obj
 0001:0000c200       ??0?$numpunct@D@std@@QAE@ABV_Locinfo@1@I@Z 0040d200 f i libcpd:locale.obj
 0001:0000c260       ?_Getcat@?$numpunct@D@std@@SAIXZ 0040d260 f i libcpd:locale.obj
 0001:0000c270       ??_E?$codecvt@DDH@std@@UAEPAXI@Z 0040d270 f i libcpd:locale.obj
 0001:0000c270       ??_G?$codecvt@DDH@std@@UAEPAXI@Z 0040d270 f i libcpd:locale.obj
 0001:0000c2a0       ??1?$codecvt@DDH@std@@UAE@XZ 0040d2a0 f i libcpd:locale.obj
 0001:0000c2c0       ??_G?$num_get@DV?$istreambuf_iterator@DU?$char_traits@D@std@@@std@@@std@@UAEPAXI@Z 0040d2c0 f i libcpd:locale.obj
 0001:0000c2c0       ??_E?$num_get@DV?$istreambuf_iterator@DU?$char_traits@D@std@@@std@@@std@@UAEPAXI@Z 0040d2c0 f i libcpd:locale.obj
 0001:0000c2f0       ??1?$num_get@DV?$istreambuf_iterator@DU?$char_traits@D@std@@@std@@@std@@UAE@XZ 0040d2f0 f i libcpd:locale.obj
 0001:0000c310       ??0?$basic_string@DU?$char_traits@D@std@@V?$allocator@D@2@@std@@QAE@IDABV?$allocator@D@1@@Z 0040d310 f i libcpd:locale.obj
 0001:0000c350       ??Y?$basic_string@DU?$char_traits@D@std@@V?$allocator@D@2@@std@@QAEAAV01@ABV01@@Z 0040d350 f i libcpd:locale.obj
 0001:0000c370       ??Y?$basic_string@DU?$char_traits@D@std@@V?$allocator@D@2@@std@@QAEAAV01@D@Z 0040d370 f i libcpd:locale.obj
 0001:0000c390       ?_Init@?$codecvt@DDH@std@@IAEXABV_Locinfo@2@@Z 0040d390 f i libcpd:locale.obj
 0001:0000c3c0       ?_Getcvt@_Locinfo@std@@QBE?AU_Cvtvec@@XZ 0040d3c0 f i libcpd:locale.obj
 0001:0000c3f0       ?_Init@?$num_get@DV?$istreambuf_iterator@DU?$char_traits@D@std@@@std@@@std@@IAEXABV_Locinfo@2@@Z 0040d3f0 f i libcpd:locale.obj
 0001:0000c400       ?_Getifld@?$num_get@DV?$istreambuf_iterator@DU?$char_traits@D@std@@@std@@@std@@CAHPADAAV?$istreambuf_iterator@DU?$char_traits@D@std@@@2@1HABVlocale@2@@Z 0040d400 f i libcpd:locale.obj
 0001:0000c8a0       ?_Getffld@?$num_get@DV?$istreambuf_iterator@DU?$char_traits@D@std@@@std@@@std@@CAHPADAAV?$istreambuf_iterator@DU?$char_traits@D@std@@@2@1ABVlocale@2@@Z 0040d8a0 f i libcpd:locale.obj
 0001:0000cd80       ??D?$istreambuf_iterator@DU?$char_traits@D@std@@@std@@QBEABDXZ 0040dd80 f i libcpd:locale.obj
 0001:0000cdb0       ??E?$istreambuf_iterator@DU?$char_traits@D@std@@@std@@QAEAAV01@XZ 0040ddb0 f i libcpd:locale.obj
 0001:0000cdd0       ?append@?$basic_string@DU?$char_traits@D@std@@V?$allocator@D@2@@std@@QAEAAV12@ABV12@@Z 0040ddd0 f i libcpd:locale.obj
 0001:0000ce00       ?assign@?$basic_string@DU?$char_traits@D@std@@V?$allocator@D@2@@std@@QAEAAV12@ID@Z 0040de00 f i libcpd:locale.obj
 0001:0000ce60       ??A?$basic_string@DU?$char_traits@D@std@@V?$allocator@D@2@@std@@QAEAADI@Z 0040de60 f i libcpd:locale.obj
 0001:0000cea0       ?_Inc@?$istreambuf_iterator@DU?$char_traits@D@std@@@std@@AAEXXZ 0040dea0 f i libcpd:locale.obj
 0001:0000cf00       ?sbumpc@?$basic_streambuf@DU?$char_traits@D@std@@@std@@QAEHXZ 0040df00 f i libcpd:locale.obj
 0001:0000cf60       ?_Peek@?$istreambuf_iterator@DU?$char_traits@D@std@@@std@@AAEDXZ 0040df60 f i libcpd:locale.obj
 0001:0000cfd0       ?sgetc@?$basic_streambuf@DU?$char_traits@D@std@@@std@@QAEHXZ 0040dfd0 f i libcpd:locale.obj
 0001:0000d030       ?append@?$basic_string@DU?$char_traits@D@std@@V?$allocator@D@2@@std@@QAEAAV12@ABV12@II@Z 0040e030 f i libcpd:locale.obj
 0001:0000d0e0       ?use_facet@std@@YAABV?$ctype@D@1@ABVlocale@1@PBV21@_N@Z 0040e0e0 f i libcpd:locale.obj
 0001:0000d200       ??0?$ctype@D@std@@QAE@PBF_NI@Z 0040e200 f i libcpd:locale.obj
 0001:0000d2f0       ?use_facet@std@@YAABV?$num_get@DV?$istreambuf_iterator@DU?$char_traits@D@std@@@std@@@1@ABVlocale@1@PBV21@_N@Z 0040e2f0 f i libcpd:locale.obj
 0001:0000d410       ?use_facet@std@@YAABV?$codecvt@DDH@1@ABVlocale@1@PBV21@_N@Z 0040e410 f i libcpd:locale.obj
 0001:0000d530       ?_Getloctxt@std@@YAHAAV?$istreambuf_iterator@DU?$char_traits@D@std@@@1@0IPBD@Z 0040e530 f i libcpd:locale.obj
 0001:0000d760       ??8std@@YA_NABV?$istreambuf_iterator@DU?$char_traits@D@std@@@0@0@Z 0040e760 f i libcpd:locale.obj
 0001:0000d780       ??9std@@YA_NABV?$istreambuf_iterator@DU?$char_traits@D@std@@@0@0@Z 0040e780 f i libcpd:locale.obj
 0001:0000d7a0       ?_Narrow@std@@YAHD@Z       0040e7a0 f i libcpd:locale.obj
 0001:0000d7b0       ?isdigit@std@@YA_NDABVlocale@1@@Z 0040e7b0 f i libcpd:locale.obj
 0001:0000d7e0       ?is@?$ctype@D@std@@QBE_NFD@Z 0040e7e0 f i libcpd:locale.obj
 0001:0000d810       ??0?$codecvt@DDH@std@@QAE@I@Z 0040e810 f i libcpd:locale.obj
 0001:0000d8a0       ??0?$num_get@DV?$istreambuf_iterator@DU?$char_traits@D@std@@@std@@@std@@QAE@I@Z 0040e8a0 f i libcpd:locale.obj
 0001:0000d930       ?equal@?$istreambuf_iterator@DU?$char_traits@D@std@@@std@@QBE_NABV12@@Z 0040e930 f i libcpd:locale.obj
 0001:0000d9a0       ?_Save@?$_Tidyfac@V?$ctype@D@std@@@std@@SAPAV?$ctype@D@2@PAV32@@Z 0040e9a0 f i libcpd:locale.obj
 0001:0000da10       ?_Save@?$_Tidyfac@V?$num_get@DV?$istreambuf_iterator@DU?$char_traits@D@std@@@std@@@std@@@std@@SAPAV?$num_get@DV?$istreambuf_iterator@DU?$char_traits@D@std@@@std@@@2@PAV32@@Z 0040ea10 f i libcpd:locale.obj
 0001:0000da80       ?_Save@?$_Tidyfac@V?$codecvt@DDH@std@@@std@@SAPAV?$codecvt@DDH@2@PAV32@@Z 0040ea80 f i libcpd:locale.obj
 0001:0000daf0       ?_Tidy@?$_Tidyfac@V?$ctype@D@std@@@std@@SAXXZ 0040eaf0 f i libcpd:locale.obj
 0001:0000db80       ?_Tidy@?$_Tidyfac@V?$num_get@DV?$istreambuf_iterator@DU?$char_traits@D@std@@@std@@@std@@@std@@SAXXZ 0040eb80 f i libcpd:locale.obj
 0001:0000dc10       ?_Tidy@?$_Tidyfac@V?$codecvt@DDH@std@@@std@@SAXXZ 0040ec10 f i libcpd:locale.obj
 0001:0000dd00       ?_Xlen@std@@YAXXZ          0040ed00 f   libcpd:string.obj
 0001:0000dd60       ??0logic_error@std@@QAE@ABV01@@Z 0040ed60 f i libcpd:string.obj
 0001:0000ddd0       ?what@logic_error@std@@UBEPBDXZ 0040edd0 f i libcpd:string.obj
 0001:0000ddf0       ?_Doraise@logic_error@std@@MBEXXZ 0040edf0 f i libcpd:string.obj
 0001:0000de20       ??1logic_error@std@@UAE@XZ 0040ee20 f i libcpd:string.obj
 0001:0000de80       ??_Glogic_error@std@@UAEPAXI@Z 0040ee80 f i libcpd:string.obj
 0001:0000de80       ??_Elogic_error@std@@UAEPAXI@Z 0040ee80 f i libcpd:string.obj
 0001:0000deb0       ??0length_error@std@@QAE@ABV?$basic_string@DU?$char_traits@D@std@@V?$allocator@D@2@@1@@Z 0040eeb0 f i libcpd:string.obj
 0001:0000dee0       ??0logic_error@std@@QAE@ABV?$basic_string@DU?$char_traits@D@std@@V?$allocator@D@2@@1@@Z 0040eee0 f i libcpd:string.obj
 0001:0000df50       ??1length_error@std@@UAE@XZ 0040ef50 f i libcpd:string.obj
 0001:0000df70       ?_Doraise@length_error@std@@MBEXXZ 0040ef70 f i libcpd:string.obj
 0001:0000dfa0       ??_Elength_error@std@@UAEPAXI@Z 0040efa0 f i libcpd:string.obj
 0001:0000dfa0       ??_Glength_error@std@@UAEPAXI@Z 0040efa0 f i libcpd:string.obj
 0001:0000dfd0       ??0length_error@std@@QAE@ABV01@@Z 0040efd0 f i libcpd:string.obj
 0001:0000e000       ?_Xran@std@@YAXXZ          0040f000 f   libcpd:string.obj
 0001:0000e060       ??0out_of_range@std@@QAE@ABV?$basic_string@DU?$char_traits@D@std@@V?$allocator@D@2@@1@@Z 0040f060 f i libcpd:string.obj
 0001:0000e090       ??1out_of_range@std@@UAE@XZ 0040f090 f i libcpd:string.obj
 0001:0000e0b0       ?_Doraise@out_of_range@std@@MBEXXZ 0040f0b0 f i libcpd:string.obj
 0001:0000e0e0       ??_Eout_of_range@std@@UAEPAXI@Z 0040f0e0 f i libcpd:string.obj
 0001:0000e0e0       ??_Gout_of_range@std@@UAEPAXI@Z 0040f0e0 f i libcpd:string.obj
 0001:0000e110       ??0out_of_range@std@@QAE@ABV01@@Z 0040f110 f i libcpd:string.obj
 0001:0000e1a0       ?_Nomemory@std@@YAXXZ      0040f1a0 f   libcpd:nomemory.obj
 0001:0000e200       ??0bad_alloc@std@@QAE@PBD@Z 0040f200 f i libcpd:nomemory.obj
 0001:0000e230       ??1bad_alloc@std@@UAE@XZ   0040f230 f i libcpd:nomemory.obj
 0001:0000e250       ?_Doraise@bad_alloc@std@@MBEXXZ 0040f250 f i libcpd:nomemory.obj
 0001:0000e280       ??_Ebad_alloc@std@@UAEPAXI@Z 0040f280 f i libcpd:nomemory.obj
 0001:0000e280       ??_Gbad_alloc@std@@UAEPAXI@Z 0040f280 f i libcpd:nomemory.obj
 0001:0000e2b0       ??0bad_alloc@std@@QAE@ABV01@@Z 0040f2b0 f i libcpd:nomemory.obj
 0001:0000e2f0       __Mbrtowc                  0040f2f0 f   libcpd:xmbtowc.obj
 0001:0000e500       _btowc                     0040f500 f   libcpd:xmbtowc.obj
 0001:0000e560       _mbrlen                    0040f560 f   libcpd:xmbtowc.obj
 0001:0000e5b0       _mbrtowc                   0040f5b0 f   libcpd:xmbtowc.obj
 0001:0000e630       _mbsrtowcs                 0040f630 f   libcpd:xmbtowc.obj
 0001:0000e720       ?_Makewloc@_Locimp@locale@std@@CAXABV_Locinfo@3@HPAV123@PBV23@@Z 0040f720 f   libcpd:wlocale.obj
 0001:0000efa0       ??0?$codecvt@GDH@std@@QAE@ABV_Locinfo@1@I@Z 0040ffa0 f i libcpd:wlocale.obj
 0001:0000f000       ?_Getcat@?$codecvt@GDH@std@@SAIXZ 00410000 f i libcpd:wlocale.obj
 0001:0000f010       ?_Init@?$codecvt@GDH@std@@IAEXABV_Locinfo@2@@Z 00410010 f i libcpd:wlocale.obj
 0001:0000f040       ?do_in@?$codecvt@GDH@std@@MBEHAAHPBD1AAPBDPAG3AAPAG@Z 00410040 f i libcpd:wlocale.obj
 0001:0000f130       ?do_out@?$codecvt@GDH@std@@MBEHAAHPBG1AAPBGPAD3AAPAD@Z 00410130 f i libcpd:wlocale.obj
 0001:0000f280       ?do_length@?$codecvt@GDH@std@@MBEHAAHPBG1I@Z 00410280 f i libcpd:wlocale.obj
 0001:0000f300       ?do_always_noconv@?$codecvt@GDH@std@@MBE_NXZ 00410300 f i libcpd:wlocale.obj
 0001:0000f310       ?do_max_length@?$codecvt@GDH@std@@MBEHXZ 00410310 f i libcpd:wlocale.obj
 0001:0000f320       ?do_encoding@?$codecvt@GDH@std@@MBEHXZ 00410320 f i libcpd:wlocale.obj
 0001:0000f330       ??_E?$codecvt@GDH@std@@UAEPAXI@Z 00410330 f i libcpd:wlocale.obj
 0001:0000f330       ??_G?$codecvt@GDH@std@@UAEPAXI@Z 00410330 f i libcpd:wlocale.obj
 0001:0000f360       ??1?$codecvt@GDH@std@@UAE@XZ 00410360 f i libcpd:wlocale.obj
 0001:0000f380       ??0?$ctype@G@std@@QAE@ABV_Locinfo@1@I@Z 00410380 f i libcpd:wlocale.obj
 0001:0000f3e0       ?_Getcat@?$ctype@G@std@@SAIXZ 004103e0 f i libcpd:wlocale.obj
 0001:0000f3f0       ?do_is@?$ctype@G@std@@MBE_NFG@Z 004103f0 f i libcpd:wlocale.obj
 0001:0000f430       ?do_is@?$ctype@G@std@@MBEPBGPBG0PAF@Z 00410430 f i libcpd:wlocale.obj
 0001:0000f490       ?do_scan_is@?$ctype@G@std@@MBEPBGFPBG0@Z 00410490 f i libcpd:wlocale.obj
 0001:0000f4e0       ?is@?$ctype@G@std@@QBE_NFG@Z 004104e0 f i libcpd:wlocale.obj
 0001:0000f510       ?do_scan_not@?$ctype@G@std@@MBEPBGFPBG0@Z 00410510 f i libcpd:wlocale.obj
 0001:0000f560       ?do_tolower@?$ctype@G@std@@MBEGG@Z 00410560 f i libcpd:wlocale.obj
 0001:0000f5a0       ?do_tolower@?$ctype@G@std@@MBEPBGPAGPBG@Z 004105a0 f i libcpd:wlocale.obj
 0001:0000f5f0       ?do_toupper@?$ctype@G@std@@MBEGG@Z 004105f0 f i libcpd:wlocale.obj
 0001:0000f630       ?do_toupper@?$ctype@G@std@@MBEPBGPAGPBG@Z 00410630 f i libcpd:wlocale.obj
 0001:0000f680       ?do_widen@?$ctype@G@std@@MBEGD@Z 00410680 f i libcpd:wlocale.obj
 0001:0000f6a0       ?do_widen@?$ctype@G@std@@MBEPBDPBD0PAG@Z 004106a0 f i libcpd:wlocale.obj
 0001:0000f6f0       ?do_narrow@?$ctype@G@std@@MBEDGD@Z 004106f0 f i libcpd:wlocale.obj
 0001:0000f710       ?_Narrow@std@@YAHG@Z       00410710 f i libcpd:wlocale.obj
 0001:0000f730       ?do_narrow@?$ctype@G@std@@MBEPBGPBG0DPAD@Z 00410730 f i libcpd:wlocale.obj
 0001:0000f780       ??0?$time_put@GV?$ostreambuf_iterator@GU?$char_traits@G@std@@@std@@@std@@QAE@ABV_Locinfo@1@I@Z 00410780 f i libcpd:wlocale.obj
 0001:0000f7f0       ??0_Timevec@std@@QAE@PAX@Z 004107f0 f i libcpd:wlocale.obj
 0001:0000f810       ??1_Timevec@std@@QAE@XZ    00410810 f i libcpd:wlocale.obj
 0001:0000f830       ??0time_base@std@@QAE@I@Z  00410830 f i libcpd:wlocale.obj
 0001:0000f860       ??_Etime_base@std@@UAEPAXI@Z 00410860 f i libcpd:wlocale.obj
 0001:0000f860       ??_Gtime_base@std@@UAEPAXI@Z 00410860 f i libcpd:wlocale.obj
 0001:0000f890       ??1time_base@std@@UAE@XZ   00410890 f i libcpd:wlocale.obj
 0001:0000f8b0       ?_Getcat@?$time_put@GV?$ostreambuf_iterator@GU?$char_traits@G@std@@@std@@@std@@SAIXZ 004108b0 f i libcpd:wlocale.obj
 0001:0000f8c0       ?do_put@?$time_put@GV?$ostreambuf_iterator@GU?$char_traits@G@std@@@std@@@std@@MBE?AV?$ostreambuf_iterator@GU?$char_traits@G@std@@@2@V32@AAVios_base@2@PBUtm@@DD@Z 004108c0 f i libcpd:wlocale.obj
 0001:0000fa00       ?_Getptr@_Timevec@std@@QBEPAXXZ 00410a00 f i libcpd:wlocale.obj
 0001:0000fa10       ?_Getcat@?$num_get@GV?$istreambuf_iterator@GU?$char_traits@G@std@@@std@@@std@@SAIXZ 00410a10 f i libcpd:wlocale.obj
 0001:0000fa20       ??0?$num_get@GV?$istreambuf_iterator@GU?$char_traits@G@std@@@std@@@std@@QAE@ABV_Locinfo@1@I@Z 00410a20 f i libcpd:wlocale.obj
 0001:0000fa80       ?do_get@?$num_get@GV?$istreambuf_iterator@GU?$char_traits@G@std@@@std@@@std@@MBE?AV?$istreambuf_iterator@GU?$char_traits@G@std@@@2@V32@0AAVios_base@2@AAHAA_N@Z 00410a80 f i libcpd:wlocale.obj
 0001:0000fcd0       ?do_get@?$num_get@GV?$istreambuf_iterator@GU?$char_traits@G@std@@@std@@@std@@MBE?AV?$istreambuf_iterator@GU?$char_traits@G@std@@@2@V32@0AAVios_base@2@AAHAAG@Z 00410cd0 f i libcpd:wlocale.obj
 0001:0000fe10       ?do_get@?$num_get@GV?$istreambuf_iterator@GU?$char_traits@G@std@@@std@@@std@@MBE?AV?$istreambuf_iterator@GU?$char_traits@G@std@@@2@V32@0AAVios_base@2@AAHAAI@Z 00410e10 f i libcpd:wlocale.obj
 0001:0000ff50       ?do_get@?$num_get@GV?$istreambuf_iterator@GU?$char_traits@G@std@@@std@@@std@@MBE?AV?$istreambuf_iterator@GU?$char_traits@G@std@@@2@V32@0AAVios_base@2@AAHAAJ@Z 00410f50 f i libcpd:wlocale.obj
 0001:00010050       ?do_get@?$num_get@GV?$istreambuf_iterator@GU?$char_traits@G@std@@@std@@@std@@MBE?AV?$istreambuf_iterator@GU?$char_traits@G@std@@@2@V32@0AAVios_base@2@AAHAAK@Z 00411050 f i libcpd:wlocale.obj
 0001:00010150       ?do_get@?$num_get@GV?$istreambuf_iterator@GU?$char_traits@G@std@@@std@@@std@@MBE?AV?$istreambuf_iterator@GU?$char_traits@G@std@@@2@V32@0AAVios_base@2@AAHAAM@Z 00411150 f i libcpd:wlocale.obj
 0001:00010240       ?do_get@?$num_get@GV?$istreambuf_iterator@GU?$char_traits@G@std@@@std@@@std@@MBE?AV?$istreambuf_iterator@GU?$char_traits@G@std@@@2@V32@0AAVios_base@2@AAHAAN@Z 00411240 f i libcpd:wlocale.obj
 0001:00010340       ?do_get@?$num_get@GV?$istreambuf_iterator@GU?$char_traits@G@std@@@std@@@std@@MBE?AV?$istreambuf_iterator@GU?$char_traits@G@std@@@2@V32@0AAVios_base@2@AAHAAO@Z 00411340 f i libcpd:wlocale.obj
 0001:00010440       ?do_get@?$num_get@GV?$istreambuf_iterator@GU?$char_traits@G@std@@@std@@@std@@MBE?AV?$istreambuf_iterator@GU?$char_traits@G@std@@@2@V32@0AAVios_base@2@AAHAAPAX@Z 00411440 f i libcpd:wlocale.obj
 0001:000105c0       ?_Getcat@?$num_put@GV?$ostreambuf_iterator@GU?$char_traits@G@std@@@std@@@std@@SAIXZ 004115c0 f i libcpd:wlocale.obj
 0001:000105d0       ??0?$num_put@GV?$ostreambuf_iterator@GU?$char_traits@G@std@@@std@@@std@@QAE@ABV_Locinfo@1@I@Z 004115d0 f i libcpd:wlocale.obj
 0001:00010630       ?do_put@?$num_put@GV?$ostreambuf_iterator@GU?$char_traits@G@std@@@std@@@std@@MBE?AV?$ostreambuf_iterator@GU?$char_traits@G@std@@@2@V32@AAVios_base@2@G_N@Z 00411630 f i libcpd:wlocale.obj
 0001:00010870       ?do_put@?$num_put@GV?$ostreambuf_iterator@GU?$char_traits@G@std@@@std@@@std@@MBE?AV?$ostreambuf_iterator@GU?$char_traits@G@std@@@2@V32@AAVios_base@2@GJ@Z 00411870 f i libcpd:wlocale.obj
 0001:000108e0       ?do_put@?$num_put@GV?$ostreambuf_iterator@GU?$char_traits@G@std@@@std@@@std@@MBE?AV?$ostreambuf_iterator@GU?$char_traits@G@std@@@2@V32@AAVios_base@2@GK@Z 004118e0 f i libcpd:wlocale.obj
 0001:00010950       ?do_put@?$num_put@GV?$ostreambuf_iterator@GU?$char_traits@G@std@@@std@@@std@@MBE?AV?$ostreambuf_iterator@GU?$char_traits@G@std@@@2@V32@AAVios_base@2@GN@Z 00411950 f i libcpd:wlocale.obj
 0001:00010a20       ?do_put@?$num_put@GV?$ostreambuf_iterator@GU?$char_traits@G@std@@@std@@@std@@MBE?AV?$ostreambuf_iterator@GU?$char_traits@G@std@@@2@V32@AAVios_base@2@GO@Z 00411a20 f i libcpd:wlocale.obj
 0001:00010af0       ?do_put@?$num_put@GV?$ostreambuf_iterator@GU?$char_traits@G@std@@@std@@@std@@MBE?AV?$ostreambuf_iterator@GU?$char_traits@G@std@@@2@V32@AAVios_base@2@GPBX@Z 00411af0 f i libcpd:wlocale.obj
 0001:00010c00       ??0?$numpunct@G@std@@QAE@ABV_Locinfo@1@I@Z 00411c00 f i libcpd:wlocale.obj
 0001:00010c60       ?_Getcat@?$numpunct@G@std@@SAIXZ 00411c60 f i libcpd:wlocale.obj
 0001:00010c70       ?do_decimal_point@?$numpunct@G@std@@MBEGXZ 00411c70 f i libcpd:wlocale.obj
 0001:00010c90       ?do_thousands_sep@?$numpunct@G@std@@MBEGXZ 00411c90 f i libcpd:wlocale.obj
 0001:00010cb0       ?do_grouping@?$numpunct@G@std@@MBE?AV?$basic_string@DU?$char_traits@D@std@@V?$allocator@D@2@@2@XZ 00411cb0 f i libcpd:wlocale.obj
 0001:00010cf0       ?do_falsename@?$numpunct@G@std@@MBE?AV?$basic_string@GU?$char_traits@G@std@@V?$allocator@G@2@@2@XZ 00411cf0 f i libcpd:wlocale.obj
 0001:00010d30       ?do_truename@?$numpunct@G@std@@MBE?AV?$basic_string@GU?$char_traits@G@std@@V?$allocator@G@2@@2@XZ 00411d30 f i libcpd:wlocale.obj
 0001:00010d70       ??0?$collate@G@std@@QAE@ABV_Locinfo@1@I@Z 00411d70 f i libcpd:wlocale.obj
 0001:00010dd0       ?_Getcat@?$collate@G@std@@SAIXZ 00411dd0 f i libcpd:wlocale.obj
 0001:00010de0       ?do_compare@?$collate@G@std@@MBEHPBG000@Z 00411de0 f i libcpd:wlocale.obj
 0001:00010e10       ?do_transform@?$collate@G@std@@MBE?AV?$basic_string@GU?$char_traits@G@std@@V?$allocator@G@2@@2@PBG0@Z 00411e10 f i libcpd:wlocale.obj
 0001:00010f10       ?do_hash@?$collate@G@std@@MBEJPBG0@Z 00411f10 f i libcpd:wlocale.obj
 0001:00010f60       ??0?$messages@G@std@@QAE@ABV_Locinfo@1@I@Z 00411f60 f i libcpd:wlocale.obj
 0001:00010fc0       ??0messages_base@std@@QAE@I@Z 00411fc0 f i libcpd:wlocale.obj
 0001:00010ff0       ??_Emessages_base@std@@UAEPAXI@Z 00411ff0 f i libcpd:wlocale.obj
 0001:00010ff0       ??_Gmessages_base@std@@UAEPAXI@Z 00411ff0 f i libcpd:wlocale.obj
 0001:00011020       ??1messages_base@std@@UAE@XZ 00412020 f i libcpd:wlocale.obj
 0001:00011040       ?_Getcat@?$messages@G@std@@SAIXZ 00412040 f i libcpd:wlocale.obj
 0001:00011050       ?do_open@?$messages@G@std@@MBEHABV?$basic_string@DU?$char_traits@D@std@@V?$allocator@D@2@@2@ABVlocale@2@@Z 00412050 f i libcpd:wlocale.obj
 0001:00011060       ?do_get@?$messages@G@std@@MBE?AV?$basic_string@GU?$char_traits@G@std@@V?$allocator@G@2@@2@HHHABV32@@Z 00412060 f i libcpd:wlocale.obj
 0001:000110e0       ?do_close@?$messages@G@std@@MBEXH@Z 004120e0 f i libcpd:wlocale.obj
 0001:000110f0       ??0?$money_get@GV?$istreambuf_iterator@GU?$char_traits@G@std@@@std@@@std@@QAE@ABV_Locinfo@1@I@Z 004120f0 f i libcpd:wlocale.obj
 0001:00011150       ?_Getcat@?$money_get@GV?$istreambuf_iterator@GU?$char_traits@G@std@@@std@@@std@@SAIXZ 00412150 f i libcpd:wlocale.obj
 0001:00011160       ?do_get@?$money_get@GV?$istreambuf_iterator@GU?$char_traits@G@std@@@std@@@std@@MBE?AV?$istreambuf_iterator@GU?$char_traits@G@std@@@2@V32@0_NAAVios_base@2@AAHAAO@Z 00412160 f i libcpd:wlocale.obj
 0001:000112e0       ?do_get@?$money_get@GV?$istreambuf_iterator@GU?$char_traits@G@std@@@std@@@std@@MBE?AV?$istreambuf_iterator@GU?$char_traits@G@std@@@2@V32@0_NAAVios_base@2@AAHAAV?$basic_string@GU?$char_traits@G@std@@V?$allocator@G@2@@2@@Z 004122e0 f i libcpd:wlocale.obj
 0001:000113a0       ??0?$money_put@GV?$ostreambuf_iterator@GU?$char_traits@G@std@@@std@@@std@@QAE@ABV_Locinfo@1@I@Z 004123a0 f i libcpd:wlocale.obj
 0001:00011400       ?_Getcat@?$money_put@GV?$ostreambuf_iterator@GU?$char_traits@G@std@@@std@@@std@@SAIXZ 00412400 f i libcpd:wlocale.obj
 0001:00011410       ?do_put@?$money_put@GV?$ostreambuf_iterator@GU?$char_traits@G@std@@@std@@@std@@MBE?AV?$ostreambuf_iterator@GU?$char_traits@G@std@@@2@V32@_NAAVios_base@2@GO@Z 00412410 f i libcpd:wlocale.obj
 0001:00011580       ?do_put@?$money_put@GV?$ostreambuf_iterator@GU?$char_traits@G@std@@@std@@@std@@MBE?AV?$ostreambuf_iterator@GU?$char_traits@G@std@@@2@V32@_NAAVios_base@2@GABV?$basic_string@GU?$char_traits@G@std@@V?$allocator@G@2@@2@@Z 00412580 f i libcpd:wlocale.obj
 0001:00011700       ??0?$moneypunct@G$0A@@std@@QAE@ABV_Locinfo@1@I@Z 00412700 f i libcpd:wlocale.obj
 0001:00011730       ?_Getcat@?$moneypunct@G$0A@@std@@SAIXZ 00412730 f i libcpd:wlocale.obj
 0001:00011740       ?do_decimal_point@?$_Mpunct@G@std@@MBEGXZ 00412740 f i libcpd:wlocale.obj
 0001:00011760       ?do_thousands_sep@?$_Mpunct@G@std@@MBEGXZ 00412760 f i libcpd:wlocale.obj
 0001:00011780       ?do_grouping@?$_Mpunct@G@std@@MBE?AV?$basic_string@DU?$char_traits@D@std@@V?$allocator@D@2@@2@XZ 00412780 f i libcpd:wlocale.obj
 0001:000117c0       ?do_curr_symbol@?$_Mpunct@G@std@@MBE?AV?$basic_string@GU?$char_traits@G@std@@V?$allocator@G@2@@2@XZ 004127c0 f i libcpd:wlocale.obj
 0001:00011800       ?do_positive_sign@?$_Mpunct@G@std@@MBE?AV?$basic_string@GU?$char_traits@G@std@@V?$allocator@G@2@@2@XZ 00412800 f i libcpd:wlocale.obj
 0001:00011840       ?do_negative_sign@?$_Mpunct@G@std@@MBE?AV?$basic_string@GU?$char_traits@G@std@@V?$allocator@G@2@@2@XZ 00412840 f i libcpd:wlocale.obj
 0001:00011880       ?do_frac_digits@?$_Mpunct@G@std@@MBEHXZ 00412880 f i libcpd:wlocale.obj
 0001:000118a0       ?do_pos_format@?$_Mpunct@G@std@@MBE?AUpattern@money_base@2@XZ 004128a0 f i libcpd:wlocale.obj
 0001:000118c0       ?do_neg_format@?$_Mpunct@G@std@@MBE?AUpattern@money_base@2@XZ 004128c0 f i libcpd:wlocale.obj
 0001:000118e0       ??0?$moneypunct@G$00@std@@QAE@ABV_Locinfo@1@I@Z 004128e0 f i libcpd:wlocale.obj
 0001:00011910       ?_Getcat@?$moneypunct@G$00@std@@SAIXZ 00412910 f i libcpd:wlocale.obj
 0001:00011920       ??0?$time_get@GV?$istreambuf_iterator@GU?$char_traits@G@std@@@std@@@std@@QAE@ABV_Locinfo@1@I@Z 00412920 f i libcpd:wlocale.obj
 0001:00011980       ?_Getcat@?$time_get@GV?$istreambuf_iterator@GU?$char_traits@G@std@@@std@@@std@@SAIXZ 00412980 f i libcpd:wlocale.obj
 0001:00011990       ?do_date_order@?$time_get@GV?$istreambuf_iterator@GU?$char_traits@G@std@@@std@@@std@@MBEHXZ 00412990 f i libcpd:wlocale.obj
 0001:000119a0       ?do_get_time@?$time_get@GV?$istreambuf_iterator@GU?$char_traits@G@std@@@std@@@std@@MBE?AV?$istreambuf_iterator@GU?$char_traits@G@std@@@2@V32@0AAVios_base@2@AAHPAUtm@@@Z 004129a0 f i libcpd:wlocale.obj
 0001:00011ab0       ?do_get_date@?$time_get@GV?$istreambuf_iterator@GU?$char_traits@G@std@@@std@@@std@@MBE?AV?$istreambuf_iterator@GU?$char_traits@G@std@@@2@V32@0AAVios_base@2@AAHPAUtm@@@Z 00412ab0 f i libcpd:wlocale.obj
 0001:00011c60       ?do_get_weekday@?$time_get@GV?$istreambuf_iterator@GU?$char_traits@G@std@@@std@@@std@@MBE?AV?$istreambuf_iterator@GU?$char_traits@G@std@@@2@V32@0AAVios_base@2@AAHPAUtm@@@Z 00412c60 f i libcpd:wlocale.obj
 0001:00011cc0       ?do_get_monthname@?$time_get@GV?$istreambuf_iterator@GU?$char_traits@G@std@@@std@@@std@@MBE?AV?$istreambuf_iterator@GU?$char_traits@G@std@@@2@V32@0AAVios_base@2@AAHPAUtm@@@Z 00412cc0 f i libcpd:wlocale.obj
 0001:00011d20       ?do_get_year@?$time_get@GV?$istreambuf_iterator@GU?$char_traits@G@std@@@std@@@std@@MBE?AV?$istreambuf_iterator@GU?$char_traits@G@std@@@2@V32@0AAVios_base@2@AAHPAUtm@@@Z 00412d20 f i libcpd:wlocale.obj
 0001:00011dc0       ??_E?$ctype@G@std@@UAEPAXI@Z 00412dc0 f i libcpd:wlocale.obj
 0001:00011dc0       ??_G?$ctype@G@std@@UAEPAXI@Z 00412dc0 f i libcpd:wlocale.obj
 0001:00011df0       ??1?$ctype@G@std@@UAE@XZ   00412df0 f i libcpd:wlocale.obj
 0001:00011e30       ??_E?$time_put@GV?$ostreambuf_iterator@GU?$char_traits@G@std@@@std@@@std@@UAEPAXI@Z 00412e30 f i libcpd:wlocale.obj
 0001:00011e30       ??_G?$time_put@GV?$ostreambuf_iterator@GU?$char_traits@G@std@@@std@@@std@@UAEPAXI@Z 00412e30 f i libcpd:wlocale.obj
 0001:00011e60       ??1?$time_put@GV?$ostreambuf_iterator@GU?$char_traits@G@std@@@std@@@std@@UAE@XZ 00412e60 f i libcpd:wlocale.obj
 0001:00011ec0       ??_G?$num_get@GV?$istreambuf_iterator@GU?$char_traits@G@std@@@std@@@std@@UAEPAXI@Z 00412ec0 f i libcpd:wlocale.obj
 0001:00011ec0       ??_E?$num_get@GV?$istreambuf_iterator@GU?$char_traits@G@std@@@std@@@std@@UAEPAXI@Z 00412ec0 f i libcpd:wlocale.obj
 0001:00011ef0       ??1?$num_get@GV?$istreambuf_iterator@GU?$char_traits@G@std@@@std@@@std@@UAE@XZ 00412ef0 f i libcpd:wlocale.obj
 0001:00011f10       ??_G?$num_put@GV?$ostreambuf_iterator@GU?$char_traits@G@std@@@std@@@std@@UAEPAXI@Z 00412f10 f i libcpd:wlocale.obj
 0001:00011f10       ??_E?$num_put@GV?$ostreambuf_iterator@GU?$char_traits@G@std@@@std@@@std@@UAEPAXI@Z 00412f10 f i libcpd:wlocale.obj
 0001:00011f40       ??1?$num_put@GV?$ostreambuf_iterator@GU?$char_traits@G@std@@@std@@@std@@UAE@XZ 00412f40 f i libcpd:wlocale.obj
 0001:00011f60       ??_G?$numpunct@G@std@@UAEPAXI@Z 00412f60 f i libcpd:wlocale.obj
 0001:00011f60       ??_E?$numpunct@G@std@@UAEPAXI@Z 00412f60 f i libcpd:wlocale.obj
 0001:00011f90       ??1?$numpunct@G@std@@UAE@XZ 00412f90 f i libcpd:wlocale.obj
 0001:00011ff0       ??_E?$collate@G@std@@UAEPAXI@Z 00412ff0 f i libcpd:wlocale.obj
 0001:00011ff0       ??_G?$collate@G@std@@UAEPAXI@Z 00412ff0 f i libcpd:wlocale.obj
 0001:00012020       ??1?$collate@G@std@@UAE@XZ 00413020 f i libcpd:wlocale.obj
 0001:00012040       ??_E?$messages@G@std@@UAEPAXI@Z 00413040 f i libcpd:wlocale.obj
 0001:00012040       ??_G?$messages@G@std@@UAEPAXI@Z 00413040 f i libcpd:wlocale.obj
 0001:00012070       ??1?$messages@G@std@@UAE@XZ 00413070 f i libcpd:wlocale.obj
 0001:000120c0       ??_E?$money_get@GV?$istreambuf_iterator@GU?$char_traits@G@std@@@std@@@std@@UAEPAXI@Z 004130c0 f i libcpd:wlocale.obj
 0001:000120c0       ??_G?$money_get@GV?$istreambuf_iterator@GU?$char_traits@G@std@@@std@@@std@@UAEPAXI@Z 004130c0 f i libcpd:wlocale.obj
 0001:000120f0       ??1?$money_get@GV?$istreambuf_iterator@GU?$char_traits@G@std@@@std@@@std@@UAE@XZ 004130f0 f i libcpd:wlocale.obj
 0001:00012110       ??_E?$money_put@GV?$ostreambuf_iterator@GU?$char_traits@G@std@@@std@@@std@@UAEPAXI@Z 00413110 f i libcpd:wlocale.obj
 0001:00012110       ??_G?$money_put@GV?$ostreambuf_iterator@GU?$char_traits@G@std@@@std@@@std@@UAEPAXI@Z 00413110 f i libcpd:wlocale.obj
 0001:00012140       ??1?$money_put@GV?$ostreambuf_iterator@GU?$char_traits@G@std@@@std@@@std@@UAE@XZ 00413140 f i libcpd:wlocale.obj
 0001:00012160       ??_E?$moneypunct@G$0A@@std@@UAEPAXI@Z 00413160 f i libcpd:wlocale.obj
 0001:00012160       ??_G?$moneypunct@G$0A@@std@@UAEPAXI@Z 00413160 f i libcpd:wlocale.obj
 0001:00012190       ??_E?$moneypunct@G$00@std@@UAEPAXI@Z 00413190 f i libcpd:wlocale.obj
 0001:00012190       ??_G?$moneypunct@G$00@std@@UAEPAXI@Z 00413190 f i libcpd:wlocale.obj
 0001:000121c0       ??_G?$time_get@GV?$istreambuf_iterator@GU?$char_traits@G@std@@@std@@@std@@UAEPAXI@Z 004131c0 f i libcpd:wlocale.obj
 0001:000121c0       ??_E?$time_get@GV?$istreambuf_iterator@GU?$char_traits@G@std@@@std@@@std@@UAEPAXI@Z 004131c0 f i libcpd:wlocale.obj
 0001:000121f0       ??1?$time_get@GV?$istreambuf_iterator@GU?$char_traits@G@std@@@std@@@std@@UAE@XZ 004131f0 f i libcpd:wlocale.obj
 0001:00012240       ??1?$moneypunct@G$0A@@std@@UAE@XZ 00413240 f i libcpd:wlocale.obj
 0001:00012260       ??1?$_Mpunct@G@std@@UAE@XZ 00413260 f i libcpd:wlocale.obj
 0001:000122e0       ??1money_base@std@@UAE@XZ  004132e0 f i libcpd:wlocale.obj
 0001:00012300       ??_E?$_Mpunct@G@std@@UAEPAXI@Z 00413300 f i libcpd:wlocale.obj
 0001:00012300       ??_G?$_Mpunct@G@std@@UAEPAXI@Z 00413300 f i libcpd:wlocale.obj
 0001:00012330       ??1?$moneypunct@G$00@std@@UAE@XZ 00413330 f i libcpd:wlocale.obj
 0001:00012350       ?reserve@?$basic_string@DU?$char_traits@D@std@@V?$allocator@D@2@@std@@QAEXI@Z 00413350 f i libcpd:wlocale.obj
 0001:00012380       ?widen@?$ctype@G@std@@QBEGD@Z 00413380 f i libcpd:wlocale.obj
 0001:000123a0       ?narrow@?$ctype@G@std@@QBEDGD@Z 004133a0 f i libcpd:wlocale.obj
 0001:000123d0       ?_Init@?$ctype@G@std@@IAEXABV_Locinfo@2@@Z 004133d0 f i libcpd:wlocale.obj
 0001:00012410       ?_Init@?$time_put@GV?$ostreambuf_iterator@GU?$char_traits@G@std@@@std@@@std@@IAEXABV_Locinfo@2@@Z 00413410 f i libcpd:wlocale.obj
 0001:00012480       ??4_Timevec@std@@QAEAAV01@ABV01@@Z 00413480 f i libcpd:wlocale.obj
 0001:000124b0       ?_Gettnames@_Locinfo@std@@QBE?AV_Timevec@2@XZ 004134b0 f i libcpd:wlocale.obj
 0001:000124e0       ??4?$ostreambuf_iterator@GU?$char_traits@G@std@@@std@@QAEAAV01@G@Z 004134e0 f i libcpd:wlocale.obj
 0001:00012540       ?sputc@?$basic_streambuf@GU?$char_traits@G@std@@@std@@QAEGG@Z 00413540 f i libcpd:wlocale.obj
 0001:000125c0       ??D?$ostreambuf_iterator@GU?$char_traits@G@std@@@std@@QAEAAV01@XZ 004135c0 f i libcpd:wlocale.obj
 0001:000125d0       ??E?$ostreambuf_iterator@GU?$char_traits@G@std@@@std@@QAEAAV01@XZ 004135d0 f i libcpd:wlocale.obj
 0001:000125e0       ?_Init@?$num_get@GV?$istreambuf_iterator@GU?$char_traits@G@std@@@std@@@std@@IAEXABV_Locinfo@2@@Z 004135e0 f i libcpd:wlocale.obj
 0001:000125f0       ?_Getifld@?$num_get@GV?$istreambuf_iterator@GU?$char_traits@G@std@@@std@@@std@@CAHPADAAV?$istreambuf_iterator@GU?$char_traits@G@std@@@2@1HABVlocale@2@@Z 004135f0 f i libcpd:wlocale.obj
 0001:00012ac0       ?_Getffld@?$num_get@GV?$istreambuf_iterator@GU?$char_traits@G@std@@@std@@@std@@CAHPADAAV?$istreambuf_iterator@GU?$char_traits@G@std@@@2@1ABVlocale@2@@Z 00413ac0 f i libcpd:wlocale.obj
 0001:00012fd0       ??D?$istreambuf_iterator@GU?$char_traits@G@std@@@std@@QBEABGXZ 00413fd0 f i libcpd:wlocale.obj
 0001:00013000       ??E?$istreambuf_iterator@GU?$char_traits@G@std@@@std@@QAEAAV01@XZ 00414000 f i libcpd:wlocale.obj
 0001:00013020       ?_Init@?$num_put@GV?$ostreambuf_iterator@GU?$char_traits@G@std@@@std@@@std@@IAEXABV_Locinfo@2@@Z 00414020 f i libcpd:wlocale.obj
 0001:00013030       ?_Ffmt@?$num_put@GV?$ostreambuf_iterator@GU?$char_traits@G@std@@@std@@@std@@KAPADPADDH@Z 00414030 f i libcpd:wlocale.obj
 0001:00013100       ?_Fput@?$num_put@GV?$ostreambuf_iterator@GU?$char_traits@G@std@@@std@@@std@@KA?AV?$ostreambuf_iterator@GU?$char_traits@G@std@@@2@V32@AAVios_base@2@GPBDII@Z 00414100 f i libcpd:wlocale.obj
 0001:000134c0       ?_Ifmt@?$num_put@GV?$ostreambuf_iterator@GU?$char_traits@G@std@@@std@@@std@@KAPADPADDH@Z 004144c0 f i libcpd:wlocale.obj
 0001:00013580       ?_Iput@?$num_put@GV?$ostreambuf_iterator@GU?$char_traits@G@std@@@std@@@std@@KA?AV?$ostreambuf_iterator@GU?$char_traits@G@std@@@2@V32@AAVios_base@2@GPADI@Z 00414580 f i libcpd:wlocale.obj
 0001:00013960       ?_Put@?$num_put@GV?$ostreambuf_iterator@GU?$char_traits@G@std@@@std@@@std@@KA?AV?$ostreambuf_iterator@GU?$char_traits@G@std@@@2@V32@PBGI@Z 00414960 f i libcpd:wlocale.obj
 0001:000139b0       ?_Putc@?$num_put@GV?$ostreambuf_iterator@GU?$char_traits@G@std@@@std@@@std@@KA?AV?$ostreambuf_iterator@GU?$char_traits@G@std@@@2@V32@PBDI@Z 004149b0 f i libcpd:wlocale.obj
 0001:00013a10       ?_Rep@?$num_put@GV?$ostreambuf_iterator@GU?$char_traits@G@std@@@std@@@std@@KA?AV?$ostreambuf_iterator@GU?$char_traits@G@std@@@2@V32@GI@Z 00414a10 f i libcpd:wlocale.obj
 0001:00013a60       ?falsename@?$numpunct@G@std@@QBE?AV?$basic_string@GU?$char_traits@G@std@@V?$allocator@G@2@@2@XZ 00414a60 f i libcpd:wlocale.obj
 0001:00013a90       ?truename@?$numpunct@G@std@@QBE?AV?$basic_string@GU?$char_traits@G@std@@V?$allocator@G@2@@2@XZ 00414a90 f i libcpd:wlocale.obj
 0001:00013ac0       ?_Init@?$numpunct@G@std@@IAEXABV_Locinfo@2@@Z 00414ac0 f i libcpd:wlocale.obj
 0001:00013b60       ?_Init@?$collate@G@std@@IAEXABV_Locinfo@2@@Z 00414b60 f i libcpd:wlocale.obj
 0001:00013b90       ?_Getcoll@_Locinfo@std@@QBE?AU_Collvec@@XZ 00414b90 f i libcpd:wlocale.obj
 0001:00013bc0       ?_Init@?$messages@G@std@@IAEXABV_Locinfo@2@@Z 00414bc0 f i libcpd:wlocale.obj
 0001:00013c00       ?_Getno@_Locinfo@std@@QBEPBDXZ 00414c00 f i libcpd:wlocale.obj
 0001:00013c10       ?_Getyes@_Locinfo@std@@QBEPBDXZ 00414c10 f i libcpd:wlocale.obj
 0001:00013c20       ?_Init@?$money_get@GV?$istreambuf_iterator@GU?$char_traits@G@std@@@std@@@std@@IAEXABV_Locinfo@2@@Z 00414c20 f i libcpd:wlocale.obj
[...]
FIXUPS: 2545b 26 19d 18 19 19 593 9 2c 9 3d a0 f3 23 23 23 3a 51 24 51
FIXUPS: 25f9c 28 45 2d 2d 28 28 1c 29 41 84 3a 24 31 36 50 a 21 fffff483
FIXUPS: 25789 71 15 1b 51 9 2e 9 6e 15 37 15 1e 14 1c 1c 1c 1b 36 3a 9
FIXUPS: 25ad2 9 48 9 2e 9 2e 9 2c 9 23d0 21 d a 13 16 13 28 14 15 14 7
FIXUPS: 28096 6b 20 fffff054 19 d9 13f 9e fffffb7c 3f d ffffff6d fffffc9c
FIXUPS: 26cad f6 ffffe926 15 1b 50 9 2151 a 3f 25 b2 65 ce 36 12 38 4c
FIXUPS: 27bf3 16 f 17 37 19 92 18 20 62 a f3 12 24 f 1f 12 1e 26 f 1c 170e
FIXUPS: 296f0 53 ffffeeed 108 10 3e 54 4b 28 fffffd4d 14 fffffe81 19 38
FIXUPS: 2849d fffffdae 38 78 fffffeb4 22 fffff37a 32 92 3f 6a 15 31 51
FIXUPS: 27809 3c 27 2779 fffff895 ffffff54 fffff1bf 34 24 cb 67 133 18
FIXUPS: 28c83 34 30 a8 e2 d5 ce b9 31 1e 2a 1b 131 25 123 1e 30 75 32 22
FIXUPS: 29517 14 d43 1f 29 26 17 12 1c fffffcda fffff8a3 28 19f 20 57 14
FIXUPS: 29b22 64 140 2a 34 35 6b 12 29 43 5a 3d 33 3c 38 1c 1a 18 14e0
FIXUPS: 2b4c8 19 fffffd7a d 11 2f 25 fffffb8c b6 7f 24 62 38 61 18 28 fffff9ab
FIXUPS: 2aaab dd 23f fffffb8d 4a 94 2b fffff903 56 1e 13 22 fffffe07 36
FIXUPS: 2c246 23 6e fffffc79 3e 146 70 fffffd4d 59 fffffc86 40 168 85 fffffbf3
FIXUPS: 2ba12 2a fffffe82 37 fffffd8f 1ae fffffd6c 2b fffffd3b 1c 77 3a
FIXUPS: 2b42a 15 17 1d 14 13 1e1b 6b fffffaa5 2f 80 36 fffffda5 2a 29 3b
FIXUPS: 2cd2e fffffd7b fffffdf7 86 2a fffffc20 10c 10 3e 54 4b 3a fffffd0d
FIXUPS: 2c4cb c 10 29 2a fffffed7 ffffff1c 3a fffffe79 1a01 192 19 de0
FIXUPS: 2f351 236 11a 9e a3 102 119 ffffd958 1b 64 fffffb63 17 31 30 18
FIXUPS: 2d006 c 13 70 10 5c 62 37 1b 40 14 59 14 35cf 11 11 11 11 11 11
FIXUPS: 308bc 11 11 11 11 11 11 11 11 11 11 14 14 14 14 14 14 14 14 14
FIXUPS: 30a2e 14 ffffca51 23 3c 3004 1f 1f 1f 1f 1f 1f 22 22 22 22 22 22
FIXUPS: 3069e 22 22 22 25 2f 11 11 11 11 11 10 11 11 11 11 11 11 11 fffff8dd
FIXUPS: 30121 e 1e 11 25 11 5e 1f 1f 1f 1f 1f 1c 1f 1f 1f 1f 1f 1f 1f 1f
FIXUPS: 303c0 1f 1f 1f 1f 1f 1f 1f 1f 1f b16 1f 1f 1f 1f 1f 1f bd 11 11
FIXUPS: 31197 11 11 11 fffff8b9 1d 1d 17 16 11 11 46 13 14 5b 11 10 34
FIXUPS: 30c59 16 3b fffff448 1166 19 19 108 65 a6 22 17 e 15 e e e 2b 11
FIXUPS: 30d9f 1f 10 e 4c 11 4f 11 4d 1f 1f 1f 1f 17 17 1f 1f a33 6a 55
FIXUPS: 31b1a 62 28 2b 83 59 16 74 12 54 2f 51 55 1b 52 12 4b 51 52 10
FIXUPS: 32080 3d 33 a3 1a 11 198 ffffeeca 1f 1b8c fffffc3b 2a 44 4b fffffe4d
FIXUPS: 32936 44 4b fffffc49 18 11b 21 4b 5d 17 b5 fffffc2f a7 fffff174
FIXUPS: 31749 34 35 3e 7 1c 7 1f c7 51 5a 1d 244f 2a 23 fffffe02 a a fffffea8
FIXUPS: 33b58 fffffeff 1d fffffea9 a fffff6ef 4b 15d 19 18 c 25 15 3b 5b
FIXUPS: 3331d 6c c7 53 66 53 25 23 fffff670 182 1ea2 17 fffff815 41 8c
FIXUPS: 34545 26f 19 1c 13 2a 3a 10 13 16 26 1e 41 93 20 68 82 10 30 10
FIXUPS: 34b3b 10 fffff74a a7 fffffa75 21 21 244a 20 2e 14 1b 43 6f fffffaa8
FIXUPS: 360d3 2d 2f fffffb91 55 fffffc65 2a3 fffffb42 fffff70c 23 5 111
FIXUPS: 34fe7 107 4a 12 5 25e 35 35 1e8 fffff857 fffffe19 29 2b50 c 27
FIXUPS: 37887 fffff473 14d eb 1c8 8c 152 6d 238 13 fffff3fe 29 19 2c fffffd2e
FIXUPS: 367af 69 33 8c 34 fffffdd3 a fffffe04 1b 76 be fffffb71 33 2c 291a
FIXUPS: 38b3e 28 c 21 fffff925 70 4f 1df fffffaaa 43 ffffff4b fffffec8
FIXUPS: 37eb4 fffffb2e 43 33 24 bd 2d 9b 32 43 c 10 c fffff969 21 35 35
FIXUPS: 377cc c fffd005f 1e 47 cf 17 1d 18 70 e 115 2e 1c 5 5 5 16 50 30fcd
FIXUPS: 38784 45 29 3a 40 3e 33 4b 59 5a c 19 42 3c fffce7c0 16 27 13 20
FIXUPS: 72c4 27 13 1d 13 1d 13 1d 20 13 61 11 15 14 22 25 2b 13 115 18
FIXUPS: 391c7 b fffce45e 198 13 3a e fffff669 1e 15 d 2a c 11 16 27 c 13
FIXUPS: 6f93 14 a c a 22 4b 17 11 28 2b e 21 1f 17 11 22 1a 17 4c 46 fffffa44
FIXUPS: 6c58 9 10 14 9 13 14 9 16 10 11 1e 9 19 13 f 13 6 1f 16 1d 2a c
FIXUPS: 6e02 c 6 3a c a c 6 3233a b fffcd821 10 15 10 c a d d 18 1e 9 19
FIXUPS: 6ab4 1a 16 f c 1f 29 10 20 6 15 18 19 d 15 16 22 21 fffff9bb d
FIXUPS: 660c 33 c a 25 a 2a 15 10 17 65 c a 29 6 2a b 17 10 51 30 71 14
FIXUPS: 39184 b fffcd7df 1f 1b f 327ed fffcd06f 32ea2 b fffcd1bb 34 32e36
FIXUPS: 390f0 fffcd214 77 46 32d54 b fffcd2fb 34 32cf6 b fffcd360 12 1b
FIXUPS: 39164 c b fffcd38f d b 8 2d 11 20 30 20 10 fffff869 20 25 20 25
FIXUPS: 5eff 25 26 31 c 20 25 26 31 16 c 26 31 32f7e 12 12 12 12 12 12
FIXUPS: 39094 fffcd099 28 17 a a 4b fffff9ce b 5 14 1c 20 15 b 1b 5 14
FIXUPS: 5c69 20 15 b 1b 5 12 1e 20 b 5 14 1c 20 b 5 14 1c 20 29 32 24f3
FIXUPS: 8339 30f6e b fffcf11f 13 e 6e 26 2d 30e11 a c fffcf243 73 23 14
FIXUPS: 861b 24 2e 3d 3d 14 ffffd3e9 5 12 1e 20 b 5 12 1e 235a 31371 b
FIXUPS: 7f14 1d e 1c 13 21 3a 12 68 17 14 f 2e 3b 3a 1f 20 41 16 a c 17
FIXUPS: 39264 b fffcefb2 2a 2d 3100d c fffd1366 1e 44 8e e df 5 5 5 16
FIXUPS: a819 ffffd468 55 13 e 314ed b fffceb45 19 314b7 b fffceb7f 23 e
FIXUPS: 7e03 f 31412 b fffcec0c 13 21 4e 2118 22 1a 17 4e 44 34 16 27 13
FIXUPS: a15e 16 27 13 1d 13 41 30 12 15 14 1f 22 38 18 2f17c b fffd0eae
FIXUPS: a588 13 3a e fffff691 3a c a c 6 16 1e 15 e 2c c 11 16 27 c 13
FIXUPS: 9df6 14 a c a 5f 5b 17 11 28 2b e 21 1f 17 fffff9de f 1f 1a 73
FIXUPS: 9a8e 10 a 9 11 14 9 14 14 9 16 11 11 1e 9 1b 15 f 13 6 1f 17 20
FIXUPS: 9c4c c a c 2f7f1 fffd02df 1f 1b f 2fced c b fffd0320 11 15 10 c
FIXUPS: 97f7 d e 1a 1e 9 1b 1d 1b 16 f c 1f 29 10 20 6 17 1b fffff8e1 30
FIXUPS: 92c8 21 11 11 e 6 70 c a 27 a 2d 16 11 17 4f 8f c a 2b 6 2d b 18
FIXUPS: 95c7 5a 30 71 14 2fd7e fffcf9a2 a 4b 48 304f2 b fffcfb6b 34 30486
FIXUPS: 393c0 fffcfbce 1b 7 23 21 21 c 9a 46 302e4 b fffcfd6b 34 30286
FIXUPS: 39420 fffcfdd0 12 1b 30217 c b fffcfe0c fffff862 29 32 1d 20 25
FIXUPS: 8b96 25 20 25 24 25 26 32 c 26 31 16 c 26 31 3056d 12 12 12 12
FIXUPS: 39344 12 e fffcfa49 28 17 fffffa3d 12 1e 20 b 5 12 1e 20 b 5 14
FIXUPS: 8919 20 15 b 1b 5 14 1c 20 15 b 1b 5 14 1c 20 b 5 14 1c 2502 9
FIXUPS: afb6 16 19 20 48 9 5a 14 5 5 5 16 20 fffff72f ffffdeec 5 10 10
FIXUPS: 8769 b 5 10 10 20 b 5 12 1e 20 b 2459 23 15 c 1f 2d 2e7f7 a 10
FIXUPS: 3952c fffd1823 1b 36 2e794 b fffd18a5 42 2e72e b fffd18fc 13 44
FIXUPS: aeee 35 f f f 2e624 c 9 b fffd19eb fffff8ec 1e 20 e 8 f 35 7 1d
FIXUPS: a94c 2eb69 c fffd14dc 91 1f 47 47 18 10 1d 15 14 c 32 2e94d 9 9
FIXUPS: 394f1 fffd16ec 42 1b 1a 3e17 2b0e9 b fffd4f40 1a a 18 2b099 b fffd4f90
FIXUPS: eb21 40 2b033 b fffd5000 12 40 2afc3 b fffd5070 12 40 2af53 b fffd50c5
FIXUPS: eca9 5 5 16 20 ffffbb6b 5 3eed 2b38e b fffd4c8c 21 36 a 6a 1d 19
FIXUPS: e878 2b27c 9 b fffd4dbe 1d 19 c 2b20c 9 b fffd4e21 14 62 1a a 18
FIXUPS: 39b34 b fffd4ef0 1a a fffff901 16 e 10 1a 1f 30 2b6a3 a c fffd4985
FIXUPS: e440 11 23 16 e 10 1a 1f 30 2b5a3 a c fffd4acd 28 69 13 5a 1a 1d
FIXUPS: e6f4 2a fffff95a 20 15 16 f 2d 11 11 23 16 e 10 1e 1f 30 2b85f
FIXUPS: 39a4e c fffd47cc 18 11 19 c 15 43 2b798 9 9 b fffd488e 11 11 fffff9db
FIXUPS: dd14 13 70 24 2c 2c e 1d f 2f a 31 8 10 3f c a c 6 41 8 10 20 2f
FIXUPS: dfea a c 6 37 a 8 fffff9bb 3e 14 b c 1a 14 d 14 42 d 18 8 13 44
FIXUPS: dba0 c 12 c 25 18 16 c 21 a c 21 e d 14 37 d fffff99f 19 44 14
FIXUPS: d722 17 19 22 1e 4f 1f 7a f 2c19b 9 b fffd3e74 13 19 16 c 21 a
FIXUPS: d931 21 12 d 14 45 d 18 8 fffff8e7 26 23 10 28 22 20 29 57 13 12
FIXUPS: d455 16 16 c 21 a c 21 5e 18 1b d 14 c 12 c 29 5a 1e d 1c 2c2f9
FIXUPS: 3998f fffd35b1 25 11 15 d 2ca0c b fffd3694 16 2a 11 19 d 58 14
FIXUPS: d132 2c892 b fffd37f5 1c 2c804 b fffd3835 1c 2c7c4 b fffd386c 13
FIXUPS: d2b4 17 fffff7b6 13 2ce70 b fffd3241 1c 12 11 15 d 2cd73 b fffd3321
FIXUPS: cc6c 12 11 15 d 2cc93 b fffd3401 25 11 15 d 2cbbc b fffd34d1 25
FIXUPS: ce76 15 d fffff889 a c 25 c 8 10 15 1b 28 12 11 15 2c 2d068 9 9
FIXUPS: 398bf 9 b fffd2ffd 1c 12 15 2e 13 2cf90 b fffd3121 1c 12 15 fffff8e0
FIXUPS: c342 f f 2d4c4 c c c b fffd2b48 19 40 2c 34 1c 2d3f4 b fffd2c30
FIXUPS: c4fb 13 1d e9 1c 2d254 b fffd2ded 1d 1f 15 10 13 25 fffff990 42
FIXUPS: c107 45 2d638 b fffd29f7 16 13 13 d f 11 2a 2d58b c c c b fffd2a93
FIXUPS: c27c 13 13 14 2d52e c c c b fffd2af7 f 8 2d403 b fffd25bf 4c 2f
FIXUPS: bda9 30 40 22 13 33 b 38 47 15 24 16 f d 1c 17 44 e c 2d73d c 9
FIXUPS: 39762 9 b fffd28dc 42 fffff9c2 20 d c e c 15 18 1e 1c c 15 2db73
FIXUPS: 396ae b b b b a b fffd2485 1c 2db74 b fffd24b0 2c 13 1d 47 13 3b
FIXUPS: bccc fffffb2e 20 d c e c 5 21 1e 20 d c e c 5 21 1e 20 d c e c
FIXUPS: b980 21 1e 20 d c e c 5 21 2dbcd a 9 c b fffd1f50 7 21 33 18 2e053
FIXUPS: 39651 fffd1fe5 f 20 2e 1e 41 8 3e a 11 15 c 2def0 9 a 18 b fffd2115
FIXUPS: b7bb 21 2ddde fffd1c7d 1d 32 10 18 21 14 24 16 11 18 12 2e26d a
FIXUPS: 395d8 c b fffd1dac 4c 21 3d 18 21 14 23 16 11 1f 15 6 12 3a67 1c
FIXUPS: efbe 21 49 13 e 2ac2b b fffd53f0 35 1d e 1c 13 21 25 5 5 5 16 20
FIXUPS: b141 21 2e 12 22 15 6 12 2e3b4 a fffd5c95 1d e 1c 13 21 2a fffffa3f
FIXUPS: ed3b e 2aeab b fffd5185 19 2ae77 b fffd51bf 23 e 44 f 2add2 b fffd524c
FIXUPS: ee9e 21 4e 16 2ad31 b fffd5305 1d 2b973 b fffdf6f0 12 40 208d3
FIXUPS: 3a91f fffdf760 12 40 20863 b fffdf7d0 12 40 207f3 b fffdf825 5
FIXUPS: 1a199 ffff5183 214 63 51 33 69 65 fffffae9 a 10 e 19 aa02 40 20be3
FIXUPS: 3a83f fffdf450 12 40 20b73 b fffdf4c0 12 40 20b03 b fffdf530 12
FIXUPS: 19e01 20a93 b fffdf5a0 12 40 20a23 b fffdf610 12 40 209b3 b fffdf680
FIXUPS: 19f71 40 fffff96a 20e59 b fffdf1d0 1a a 18 20e09 b fffdf227 26
FIXUPS: 19a05 c 20da3 9 b fffdf287 12 40 20d33 b fffdf300 12 40 20cc3 b
FIXUPS: 19b6f 12 40 20c53 b fffdf3e0 fffffaca a 18 20fe9 b fffdf040 1a
FIXUPS: 19743 18 20f99 b fffdf090 1a a 18 20f49 b fffdf0e0 1a a 18 20ef9
FIXUPS: 3a73f fffdf130 1a a 18 20ea9 b fffdf180 1a a 20d1c fffdee60 1a
FIXUPS: 194a3 18 21179 b fffdeeb0 1a a 18 21129 b fffdef00 1a a 18 210d9
FIXUPS: 3a67f fffdef50 1a a 18 21089 b fffdefa0 1a a 18 21039 b fffdeff0
FIXUPS: 191b8 213dc 9 b fffdec5e 1d 19 c 2136c 9 b fffdecce 1d 19 c 212fc
FIXUPS: 3a5dd b fffded29 30 45 1d 19 c 2122c 9 b fffdee07 1a a 18 211c9
FIXUPS: 18ee3 19 c 2160c 9 b fffdea21 14 69 1d 19 c 2152c 9 b fffdeb0e
FIXUPS: 19073 19 c 214bc 9 b fffdeb7e 1d 19 c 2144c 9 b fffdebee 1d 19
FIXUPS: 18add 1a 22 2a 29 28 21910 b fffde70c d0 21 1f 14 42 46 2f 1d 19
FIXUPS: 18dd8 216ec 9 b fffde94e 14 1a 19 c 2166b c 9 b fffde9c2 fffff852
FIXUPS: 18728 1a 1f 30 21cb3 a c fffde375 11 11 23 16 e 10 1a 1f 30 21bb3
FIXUPS: 3a46e c fffde47c 1d 19 c 21b4c 9 b fffde537 28 71 13 2197f fffde075
FIXUPS: 18480 11 23 16 e 10 1a 1f 30 21eb3 a c fffde175 11 11 23 16 e 10
FIXUPS: 18622 1f 30 21db3 a c fffde275 11 11 23 16 fffffa7e 1a 1f 30 221b3
FIXUPS: 3a3ae c fffdde75 11 11 23 16 e 10 1a 1f 30 220b3 a c fffddf75 11
FIXUPS: 18371 23 16 e 10 1a 1f 30 21fb3 a fffddae1 11 11 23 16 e 10 1a
FIXUPS: 17f81 30 223b3 a c fffddc75 11 11 23 16 e 10 1a 1f 30 222b3 a c
FIXUPS: 1810f 11 11 23 16 e fffffa8a 1f 30 226b3 a c fffdd975 11 11 23
FIXUPS: 17cea e 10 1a 1f 30 225b3 a c fffdda75 11 11 23 16 e 10 1a 1f 30
FIXUPS: 3a344 a c fffdd4b8 16 1b 2e 22a65 fffdd5f7 17 1f c 1d 9b 27 61
FIXUPS: 17a60 11 23 16 e 10 1a 1f 30 227b3 a c fffdd875 11 11 23 16 e 10
FIXUPS: 17141 13 24 15 2f c 25 7e 17 28 11 1d2 13 1a 18 34 3d 3d 73 24
FIXUPS: 1763d a 8 29 20 15 1c f 25 84 23 22 fffff4eb 1d f 1f 10 1c 2b e
FIXUPS: 16d7e f 28 15 20 38 1d f 22 d5 8 52 1d 15 39 51 17 1d 18 26 a 18
FIXUPS: 17106 21 fffff81a 3d c a c 6 ac 1e 7 2b 13 7 3b 30 26 a 8 31 e
FIXUPS: 16bb5 11 9 19 16 8 e e 15 20 15 13 f fffff8fb f 2e 16 10 23 a 10
FIXUPS: 1664c 11 14 10 18 32 d 14 9 63 1a 87 16 38 9 11 3d c a c 6 41 9
FIXUPS: 16921 fffff82a 20 26 f 23 58 20 13 2e a 2d 60 19 38 25 23f2b b
FIXUPS: 163bf 2c 13 bf 6 13 6 1e 15 9 b c 2b 18 9 fffff87e c 18 18 1d 1c
FIXUPS: 15e7a c f 243af 9 9 9 9 c c 9 c b fffdbd07 30 14 2c 10 30 c 24
FIXUPS: 16098 25 22 20 23 fffffab0 e 15 21 9 15 1b 12 e 7 7 8 b 7 7 8 f
FIXUPS: 15ccd 16 9 15 1b c 15 16 b 7 7 c 1c 36 22 fffffa15 f c b 47 22
FIXUPS: 158ac 14 25 f 11 14 25 f f c 16 25 f 6e 12 12 d 22 2e c d 26 41
FIXUPS: 15b99 9 15 fffffaad 2a 17 10 c 1b c 24a9f c c 9 9 9 c c c c c c
FIXUPS: 3a20b 9 1a b fffdb51a 22 12 12 22 12 8 f c fffffb2b 23 2e 24 78
FIXUPS: 15430 47 c 11 d 18 f 15 6 14 e 19 c 13 26 c e 17 14 e 11 1f 10
FIXUPS: 15606 d 23 10 fffffa31 15 21 f 21 40 18 f 25 13 8 15 14 f c 14
FIXUPS: 151f0 e 1a 7 c f 1a 18 d 18 e 11 c f 17 2a fffffa2f 15 17 16 13
FIXUPS: 14e02 c 17 11 14 f 19 8 16 d 14 d 1b 15 12 20 21 15 21 f 21 41
FIXUPS: 14fff f 25 f 14 25122 fffda7fa 1e 7 2b 1c c 7 31 13 7 91 12 1a
FIXUPS: 14b11 13 6 13 6 2e 29 33 6 13 6 8e 25 15 15 25 15 13 fffff6dc 39
FIXUPS: 14446 15 18 1a 25cb7 b fffda4c2 25 15 c f c 25 67 36 c d 26 31
FIXUPS: 147dd 3a 3b 35 1f 4c 1d 1a 1f 2581c 9 fffd9d49 23 e d 14 3d d 18
FIXUPS: 13f73 13 61 24 117 c 12 29 31 5a 3a 1e f 20 25 15 28 18 12 2f 38
FIXUPS: 14389 15 1d fffff7d6 d 14 4b d 18 9 13 3e 14 f e 1a 14 d 14 48
FIXUPS: 13d51 18 9 13 43 18 10 14 10 27 18 16 10 23 a fffff919 10 2b 59
FIXUPS: 13871 d 1c 9 19 44 14 1e 1c 20 22 1e 4f 1f 7b f 2667e 9 b fffd9994
FIXUPS: 13ae0 19 16 10 23 a 10 23 fffff8d6 f 26ca0 b fffd93b2 9 34 9 11
FIXUPS: 1354e c a c 16 12 79 14 12 f 17 16 10 23 a 10 23 5e 18 21 d 14
FIXUPS: 137ab fffff8b3 32 15 b 1b 13 26 17 13 26 17 13 1d 13 1d 13 32 15
FIXUPS: 13230 1b 35 15 15 15 b 21 20 13 1d 31 75 55 fffff7c3 13 18 57 60
FIXUPS: 12d3d 8e 13 33 b 1f 13 45 f 27242 b fffd8ddc 13 26 17 13 26 17
FIXUPS: 12f7e 32 15 15 b 16 13 26 17 27059 9 b fffd865d 8a 40 40 40 96
FIXUPS: 12944 1c 27764 b fffd88df 1f 1f 37 6 1f 34 6 5c 1b 10 32 6 1f 10
FIXUPS: 12b99 6 14 10 fffff788 1f 1d 27cbd b fffd8375 1c 27c84 b fffd8420
FIXUPS: 124ac 2f e b 10 11 28 22 27b25 b fffd851c 19 15 8 1a 40 1f 16 e
FIXUPS: 1268f 28 22 2790b b fffd7fe0 2c 13 1d 5a 26 1a 4f 1c 27ed4 b fffd8187
FIXUPS: 121aa 21 22 c 9 1a 11 9 c a 1c 3f 1d 27d60 9 b fffd82de 14 fffff850
FIXUPS: 11ba8 18 1a 4a 1c 28334 b fffd7d50 40 40 45 1c 281e4 b fffd7e60
FIXUPS: 11e3d 20 17 9 6 e f d 25 c 15 280c1 17 b fffd7fae 1c 27fa4 9 9
FIXUPS: 39f5f b fffd7917 c d 22 35 c d 22 31 c 1a 38 c d 29 30 c 1a 38
FIXUPS: 11a97 d 29 41 e c d 1d 283b2 b fffd76e5 1c 28914 b fffd772c 19
FIXUPS: 11689 c f 22 e 1a 19 c e 1f c 8 c a c a 25 28 1d 9 12 18 1a 1f
FIXUPS: 39e84 b fffd72f1 25 11 15 d 28ccc b fffd73c1 25 11 15 d 28bfc b
FIXUPS: 11370 25 11 15 d 28b1c b fffd7584 16 2a 11 19 d 58 14 10 288a2
FIXUPS: 39e13 fffd6eed 1c 12 15 2e 13 290a0 b fffd7011 1c 12 15 2e 13 28f80
FIXUPS: 39e4f fffd7131 1c 12 11 15 d 28e83 b fffd7211 1c 12 11 15 d fffff8ff
FIXUPS: 39da4 b fffd6c95 1c 29364 b fffd6cdd 1d 1f 15 10 13 25 c a c 25
FIXUPS: 10b98 8 10 15 1b 28 12 11 15 2c 29178 9 9 9 fffd67cc 3e 9 c 3d
FIXUPS: 1068e 3e 31 1c 42 49 14 19 295b3 c b fffd6a83 21 2c 13 1d 5c 42
FIXUPS: 10944 11 9 6 18 d 25 c 7 2932a b b b b b c fffd6296 1c 29d64 b
FIXUPS: 10021 85 3f bb 61 40 87 73 13 26 30 1c 299a4 b fffd6693 5e 5a 80
FIXUPS: 10579 9 c fffff82a 1e 29 d c e c 5 24 1e 29 d c e c 5 24 1e 29
FIXUPS: ff52 c e c f 29d0d a b b b b b b fffd5e4c 1e 29 d c e c 5 24 1e
FIXUPS: fc16 d c e c 5 24 1e 29 d c e c 5 24 1e 29 d c e c 5 fffffb0c 1e
FIXUPS: f8e7 d c e c 5 24 1e 29 d c e c 5 24 1e 29 d c e c 5 24 1e 29 d
FIXUPS: fae9 e c 5 2b597 fffe3dd0 12 40 1c1f3 b fffe3e40 12 40 1c183 b
FIXUPS: 1ef74 5 10 ffff07b9 c 21 1e 20 d c e c 5 21 1e 20 d c e c 5 2b758
FIXUPS: 3afdd b fffe3b27 12 40 1c493 b fffe3ba0 12 40 1c423 b fffe3c10
FIXUPS: 1ec41 40 1c3b3 b fffe3c80 12 40 1c343 b fffe3cf0 12 40 1c2d3 b
FIXUPS: 1eddf 12 40 1c263 fffe37df 18 1c6a9 b fffe3980 1a a 18 1c659 b
FIXUPS: 1e92f 1a a 18 1c609 b fffe3a20 1a a 18 1c5b9 b fffe3a70 1a a 18
FIXUPS: 3afb4 b fffe3ac7 26 19 c 1c3b3 9 b fffe37ce 14 1a 19 c 1c7eb c
FIXUPS: 3aeb9 b fffe383b 1a a 18 1c799 b fffe3890 1a a 18 1c749 b fffe38e0
FIXUPS: 1e7f9 a 18 1c6f9 b fffe3930 1a fffffb03 c 1ca8c 9 b fffe35ae 1d
FIXUPS: 1e3fc c 1ca1c 9 b fffe361e 1d 19 c 1c9ac 9 b fffe368e 1d 19 c 1c93c
FIXUPS: 3ae6d b fffe36e9 30 45 1d 19 c 1c78c a c fffe3275 11 11 23 16 e
FIXUPS: 1e0a8 1a 1f 30 1ccb3 a c fffe3375 11 11 23 16 e 10 1a 1f 30 1cbb3
FIXUPS: 3adee c fffe34fb 41 1d fffff9d7 e 10 1a 1f 30 1cfb3 a c fffe3075
FIXUPS: 1de00 11 23 16 e 10 1a 1f 30 1ceb3 a c fffe3175 11 11 23 16 e 10
FIXUPS: 1dfa2 1f 30 1cd1d c fffe2d75 11 11 23 16 e 10 1a 1f 30 1d1b3 a
FIXUPS: 3ad3a fffe2e75 11 11 23 16 e 10 1a 1f 30 1d0b3 a c fffe2f75 11
FIXUPS: 1dcf1 23 fffff745 1a f 27 16 33 1d 7 2c 12 7 1c2 13 19 17 34 3d
FIXUPS: 1d80e 73 24 92 38 11 11 23 16 e 10 1a 1f 30 1d2b3 fffe2355 1dc6b
FIXUPS: 3accf fffe245e 6 13 6 2a 16 c 21 a c 21 11 14 c 16 31 d 14 8 63
FIXUPS: 1d30e 88 1f f 1d920 b fffe2706 15 20 fffff964 1b c 15 16 b 7 7
FIXUPS: 1ce05 18 35 22 d c 18 18 1c 1c c c f 1dd38 9 9 9 9 c c 9 c b fffe2384
FIXUPS: 1cac0 12 d 22 2e c d 26 40 78 9 15 1b e 15 21 9 15 1b 12 e 7 7
FIXUPS: 1cd12 b 7 7 8 f 18 16 9 1deab 1a b fffe1b9a 22 12 12 22 12 8 f
FIXUPS: 1c880 11 f b b 46 22 1c 14 25 f 11 14 25 f f c 16 25 f 6e fffffb54
FIXUPS: 1c610 17 14 d 11 20 c 10 d 23 10 1a 29 18 10 c 1b c 1e424 c c 9
FIXUPS: 3abc1 9 c c c c c c 9 fffe16ba f 19 18 d 18 d 11 b f 17 29 f 1c
FIXUPS: 1c40b 24 78 28 47 c 11 d 14 b 13 6 14 d 19 b 13 26 fffff9e1 21
FIXUPS: 1c00d 21 b 1f 41 17 f 25 f 14 21 15 21 b 1f 41 17 f 25 13 8 16
FIXUPS: 1c259 f c 14 14 d 1a 7 fffff9b7 2c 6 13 6 6e 25 15 15 25 15 13
FIXUPS: 1bdfb 15 17 16 13 72 c 17 11 14 b 18 8 16 d 14 d 17 15 12 fffff96d
FIXUPS: 1b93b 13 26 17 13 1d 13 1d 13 32 15 b 1b 13 45 f 1f0a2 b fffe0f7c
FIXUPS: 1bb30 15 15 15 b 21 13 1d 2c 10 3c 19 fffff90f 62 a7 14 19 1f493
FIXUPS: 3ab40 b fffe0bbc 42 b 11 9 6 18 d 25 c 7 1f 1f364 b fffe0cbc 13
FIXUPS: 1b854 17 13 32 15 b 1b 13 fffff751 40 40 40 96 4f 1c 1f904 b fffe073f
FIXUPS: 1b27c 1f 31 6 1f 2e 6 59 1b c 30 6 1f c 27 6 14 c 35 13 18 58 1f594
FIXUPS: 1ac84 1c 1fe14 b fffe0290 1d 2f e b 10 11 27 22 1fcb6 b fffe038c
FIXUPS: 1ae84 15 8 16 3c 1f 16 e 11 27 22 1fb64 9 b fffe04bd 1fa6f b fffdff06
FIXUPS: 1a96b 1a 4f 1c 20064 b fffdfff7 14 21 22 c 9 1a 11 8 c a 1c 3f
FIXUPS: 1ab83 1fef1 9 b fffe014e 14 21 1f 1d 1fe4d fffdfc09 202d7 a b b
FIXUPS: 3a99f b b b b c fffdfcfd 1c 202f4 b fffdfd50 3e 1e 17 9 6 e f d
FIXUPS: 1a810 c 15 201d3 17 b fffdfe9e 1c fffffb57 21 1e 20 d c e c 5 21
FIXUPS: 1a50d 20 d c e c 5 21 1e 20 d c e c 5 21 1e 20 d c e c fffffb4d
FIXUPS: 1a1fc 1e 20 d c e c 5 21 1e 20 d c e c 5 21 1e 20 d c e c 5 21
FIXUPS: 1a3df 20 d c e c fffeb43f 1a 2e 5 5 5 5 5 d 6f 10 70 10 70 10 19c4c
FIXUPS: 1f6fd fffffd94 5e 8e 3a 71 fffffcc7 62 1f fffffe7c a6 fffffd7a
FIXUPS: 1f0b2 6b 21 ffffb091 fffeb306 18 1a 33aad b fffcc5a2 12 19 17 13
FIXUPS: 55bc 13 6 16 33 d a6 12 24 25 17 33891 b fffcc7a2 12 24 25 17 33801
FIXUPS: 38fff fffcc81e 12 fffff8c7 c 24 33e4e 9 b fffcc23b 18 48 18 48
FIXUPS: 529b 36 13 13 4d 15 15 b d 37 c 10 48 1a a 18 1a 33b1d b fffcc512
FIXUPS: 54cb fffff738 10 3e 8 10 22 a2 d 43 d 4e 18 34 10 bd 11 11 23 16
FIXUPS: 4f5a 10 1a 1f 30 1a 33f67 a c fffcc0f0 10 56 1d fffff6a2 36 10
FIXUPS: 47f9 8 49 1d 15 10 39 10 5c 2b 56 23 22 4c 16 1b 2e 17 3448d fffcbbbb
FIXUPS: 4b18 1f c d 32 10 d 38 1d fffff85f c 7 20 31 12 7 20 48 18 48 18
FIXUPS: 45ed d 37 a 8 31 e 17 11 9 19 16 8 e e 15 20 15 10 f 347a0 fffcb0f7
FIXUPS: 402b 15 c f b 25 67 36 c d 26 30 39 39 3b 35 1f 47 1d 19 1f 1d
FIXUPS: 38f24 9 b fffcb44f 1d 7 20 6c fffff4ea f 62 10 135 c 12 29 30 5a
FIXUPS: 3be1 1e f 20 25 15 28 18 12 2f 38 1b 15 1d 37 39 1b 15 18 19 2d
FIXUPS: 38f04 fffca5f5 19 23 2c 13 13 43 d 36 10 38 d 3d 20 23 f 10 37
FIXUPS: 3748 41 10 68 a 18 17 21 1a 13 24 15 2f c fffff80b d 21 23 43 c
FIXUPS: 31b4 21 23 3f c 1a 38 c d 28 23 3e c 1a 38 c d 28 23 4f e c d 1d
FIXUPS: 34b3 2e fffff8b9 1f c 8 c a c a 25 27 1d 9 12 18 19 1f 1d 35fea
FIXUPS: 38edd 9 9 b fffca029 d 37 1e aa 17 28 11 3a 42 fffff895 31 13 13
FIXUPS: 2a25 19 33 31 10 43 d 4e 1d 19 c 24 362fe 9 b fffc9d89 13 13 5d
FIXUPS: 2ced 15 c f 22 e 1a 19 c fffff8a2 30 d 2e 5 d 33 d 33 10 30 d 46
FIXUPS: 27c2 11 23 16 e 10 1a 1f 30 1a 365e7 a c fffc9a3b 19 3c d 2e e
FIXUPS: 225f 17 21 f 2d 35 13 f e 16 38 13 3e 13 f e 16 34 18 23 15 1d
FIXUPS: 38e74 b fffc966e 10 9c 5 d 33 d 33 fffff72f 10 34 20 d 38 10 88
FIXUPS: 1e96 10 4f f 2b f e 16 31 23 15 1a 36e6f b fffc9212 c a c 14 11
FIXUPS: 20d0 13 150 16 fffff529 d 6c 24 19 29 3b 10 b9 1d a9 1b 16 7 12
FIXUPS: 1a72 40 1b 7 23 10 36 d 41 f d 8a 12 2e 16 68 19 fffff6a2 15 1d
FIXUPS: 38e14 9 b fffc8613 f 21 1a 12 12 61 15 1b 13 b 28 23 15 1d 3785f
FIXUPS: 38e3d b fffc87c3 c d 7f d 61 1e 2f fffff8e5 a f 1d a 7 18 33 a
FIXUPS: 10e5 a 7 6 a f 10 37 d 60 10 62 f 21 1a 12 12 68 15 1b 13 b 28
